Archive member included because of file (symbol)

C:/SysGCC/m68k-elf/m68k-elf/lib/m68000\liblvgl.a(lv_tick.o)
                              ./obj/lvgl_nkc.o (lv_tick_inc)
C:/SysGCC/m68k-elf/m68k-elf/lib/m68000\liblvgl.a(lv_init.o)
                              C:/SysGCC/m68k-elf/m68k-elf/lib/m68000\liblvgl.a(lv_tick.o) (lv_global)
C:/SysGCC/m68k-elf/m68k-elf/lib/m68000\liblvgl.a(lv_anim.o)
                              C:/SysGCC/m68k-elf/m68k-elf/lib/m68000\liblvgl.a(lv_init.o) (lv_anim_core_init)
C:/SysGCC/m68k-elf/m68k-elf/lib/m68000\liblvgl.a(lv_fs.o)
                              C:/SysGCC/m68k-elf/m68k-elf/lib/m68000\liblvgl.a(lv_init.o) (lv_fs_init)
C:/SysGCC/m68k-elf/m68k-elf/lib/m68000\liblvgl.a(lv_ll.o)
                              C:/SysGCC/m68k-elf/m68k-elf/lib/m68000\liblvgl.a(lv_init.o) (lv_ll_init)
C:/SysGCC/m68k-elf/m68k-elf/lib/m68000\liblvgl.a(lv_math.o)
                              C:/SysGCC/m68k-elf/m68k-elf/lib/m68000\liblvgl.a(lv_anim.o) (lv_cubic_bezier)
C:/SysGCC/m68k-elf/m68k-elf/lib/m68000\liblvgl.a(lv_timer.o)
                              C:/SysGCC/m68k-elf/m68k-elf/lib/m68000\liblvgl.a(lv_init.o) (lv_timer_core_init)
C:/SysGCC/m68k-elf/m68k-elf/lib/m68000\liblvgl.a(lv_os.o)
                              C:/SysGCC/m68k-elf/m68k-elf/lib/m68000\liblvgl.a(lv_init.o) (lv_os_init)
C:/SysGCC/m68k-elf/m68k-elf/lib/m68000\liblvgl.a(lv_mem_core_builtin.o)
                              C:/SysGCC/m68k-elf/m68k-elf/lib/m68000\liblvgl.a(lv_init.o) (lv_mem_init)
C:/SysGCC/m68k-elf/m68k-elf/lib/m68000\liblvgl.a(lv_sprintf_builtin.o)
                              C:/SysGCC/m68k-elf/m68k-elf/lib/m68000\liblvgl.a(lv_fs.o) (lv_snprintf)
C:/SysGCC/m68k-elf/m68k-elf/lib/m68000\liblvgl.a(lv_string_builtin.o)
                              C:/SysGCC/m68k-elf/m68k-elf/lib/m68000\liblvgl.a(lv_anim.o) (lv_memcpy)
C:/SysGCC/m68k-elf/m68k-elf/lib/m68000\liblvgl.a(lv_tlsf.o)
                              C:/SysGCC/m68k-elf/m68k-elf/lib/m68000\liblvgl.a(lv_mem_core_builtin.o) (lv_tlsf_check)
C:/SysGCC/m68k-elf/m68k-elf/lib/m68000\liblvgl.a(lv_mem.o)
                              C:/SysGCC/m68k-elf/m68k-elf/lib/m68000\liblvgl.a(lv_fs.o) (lv_malloc)
C:/SysGCC/m68k-elf/m68k-elf/lib/m68000\liblvgl.a(lv_theme_mono.o)
                              C:/SysGCC/m68k-elf/m68k-elf/lib/m68000\liblvgl.a(lv_init.o) (lv_theme_mono_deinit)
C:/SysGCC/m68k-elf/m68k-elf/lib/m68000\liblvgl.a(lv_theme_simple.o)
                              C:/SysGCC/m68k-elf/m68k-elf/lib/m68000\liblvgl.a(lv_init.o) (lv_theme_simple_deinit)
C:/SysGCC/m68k-elf/m68k-elf/lib/m68000\liblvgl.a(lv_arc.o)
                              C:/SysGCC/m68k-elf/m68k-elf/lib/m68000\liblvgl.a(lv_theme_mono.o) (lv_arc_class)
C:/SysGCC/m68k-elf/m68k-elf/lib/m68000\liblvgl.a(lv_bar.o)
                              C:/SysGCC/m68k-elf/m68k-elf/lib/m68000\liblvgl.a(lv_theme_mono.o) (lv_bar_class)
C:/SysGCC/m68k-elf/m68k-elf/lib/m68000\liblvgl.a(lv_button.o)
                              C:/SysGCC/m68k-elf/m68k-elf/lib/m68000\liblvgl.a(lv_theme_mono.o) (lv_button_class)
C:/SysGCC/m68k-elf/m68k-elf/lib/m68000\liblvgl.a(lv_buttonmatrix.o)
                              C:/SysGCC/m68k-elf/m68k-elf/lib/m68000\liblvgl.a(lv_theme_mono.o) (lv_buttonmatrix_class)
C:/SysGCC/m68k-elf/m68k-elf/lib/m68000\liblvgl.a(lv_calendar.o)
                              C:/SysGCC/m68k-elf/m68k-elf/lib/m68000\liblvgl.a(lv_theme_mono.o) (lv_calendar_class)
C:/SysGCC/m68k-elf/m68k-elf/lib/m68000\liblvgl.a(lv_chart.o)
                              C:/SysGCC/m68k-elf/m68k-elf/lib/m68000\liblvgl.a(lv_theme_mono.o) (lv_chart_class)
C:/SysGCC/m68k-elf/m68k-elf/lib/m68000\liblvgl.a(lv_checkbox.o)
                              C:/SysGCC/m68k-elf/m68k-elf/lib/m68000\liblvgl.a(lv_theme_mono.o) (lv_checkbox_class)
C:/SysGCC/m68k-elf/m68k-elf/lib/m68000\liblvgl.a(lv_dropdown.o)
                              C:/SysGCC/m68k-elf/m68k-elf/lib/m68000\liblvgl.a(lv_theme_mono.o) (lv_dropdown_class)
C:/SysGCC/m68k-elf/m68k-elf/lib/m68000\liblvgl.a(lv_keyboard.o)
                              C:/SysGCC/m68k-elf/m68k-elf/lib/m68000\liblvgl.a(lv_theme_mono.o) (lv_keyboard_class)
C:/SysGCC/m68k-elf/m68k-elf/lib/m68000\liblvgl.a(lv_label.o)
                              C:/SysGCC/m68k-elf/m68k-elf/lib/m68000\liblvgl.a(lv_dropdown.o) (lv_label_create)
C:/SysGCC/m68k-elf/m68k-elf/lib/m68000\liblvgl.a(lv_led.o)
                              C:/SysGCC/m68k-elf/m68k-elf/lib/m68000\liblvgl.a(lv_theme_mono.o) (lv_led_class)
C:/SysGCC/m68k-elf/m68k-elf/lib/m68000\liblvgl.a(lv_list.o)
                              C:/SysGCC/m68k-elf/m68k-elf/lib/m68000\liblvgl.a(lv_theme_mono.o) (lv_list_class)
C:/SysGCC/m68k-elf/m68k-elf/lib/m68000\liblvgl.a(lv_msgbox.o)
                              C:/SysGCC/m68k-elf/m68k-elf/lib/m68000\liblvgl.a(lv_theme_mono.o) (lv_msgbox_class)
C:/SysGCC/m68k-elf/m68k-elf/lib/m68000\liblvgl.a(lv_roller.o)
[...]
Memory Configuration

Name             Origin             Length             Attributes
ram              0x00000000         0x00080000         xrw
*default*        0x00000000         0xffffffff

Linker script and memory map

LOAD obj/crt0.o
LOAD ./obj/lvgl_nkc.o
LOAD C:/SysGCC/m68k-elf/m68k-elf/lib/m68000\liblvgl.a
LOAD c:/sysgcc/m68k-elf/bin/../lib/gcc/m68k-elf/4.8.0/m68000\libgcc.a
LOAD C:/SysGCC/m68k-elf/m68k-elf/lib/m68000\libc.a
LOAD c:/sysgcc/m68k-elf/bin/../lib/gcc/m68k-elf/4.8.0/m68000\libgcc.a
START GROUP
LOAD C:/SysGCC/m68k-elf/m68k-elf/lib/m68000\libnkc.a
LOAD c:/sysgcc/m68k-elf/bin/../lib/gcc/m68k-elf/4.8.0/m68000\libgcc.a
LOAD C:/SysGCC/m68k-elf/m68k-elf/lib/m68000\libc.a
LOAD C:/SysGCC/m68k-elf/m68k-elf/lib/m68000\libm.a
END GROUP
                0x00000000                __DYNAMIC = 0x0
                0x00000000                __ram_start = 0x0
                0x00000400                __prog_start = (__ram_start + 0x400)
                0x00000000                PROVIDE (hardware_init_hook, 0x0)
                0x00000000                PROVIDE (_hardware_init_hook, 0x0)
                0x00000000                PROVIDE (software_init_hook, 0x0)
                0x00000000                PROVIDE (_software_init_hook, 0x0)

/DISCARD/
 */libgcc.a:unwind-dw2.o()

.text           0x00000400    0x114d0
 *(.startup)
 .startup       0x00000400      0x1b4 obj/crt0.o
                0x00000400                _start
 *(.startup)
 *(.rodata .rodata.*)
 .rodata.jados_cmd
                0x000005b4        0x5 obj/crt0.o
 .rodata.str1.1
                0x000005b9       0x88 ./obj/lvgl_nkc.o
 .rodata.str1.1
                0x00000641       0x1e C:/SysGCC/m68k-elf/m68k-elf/lib/m68000\liblvgl.a(lv_fs.o)
                                 0x21 (size before relaxing)
 .rodata.sqq_table.8041
                0x0000065f      0x100 C:/SysGCC/m68k-elf/m68k-elf/lib/m68000\liblvgl.a(lv_math.o)
 *fill*         0x0000075f        0x1 
 .rodata.sin0_90_table
                0x00000760       0xb6 C:/SysGCC/m68k-elf/m68k-elf/lib/m68000\liblvgl.a(lv_math.o)
 .rodata.str1.1
                0x00000816        0x7 C:/SysGCC/m68k-elf/m68k-elf/lib/m68000\liblvgl.a(lv_arc.o)
 *fill*         0x0000081d        0x1 
 .rodata.lv_arc_class
                0x0000081e       0x24 C:/SysGCC/m68k-elf/m68k-elf/lib/m68000\liblvgl.a(lv_arc.o)
                0x0000081e                lv_arc_class
 .rodata.str1.1
                0x00000842        0x7 C:/SysGCC/m68k-elf/m68k-elf/lib/m68000\liblvgl.a(lv_bar.o)
 *fill*         0x00000849        0x1 
 .rodata.lv_bar_class
                0x0000084a       0x24 C:/SysGCC/m68k-elf/m68k-elf/lib/m68000\liblvgl.a(lv_bar.o)
                0x0000084a                lv_bar_class
 .rodata.str1.1
                0x0000086e        0xa C:/SysGCC/m68k-elf/m68k-elf/lib/m68000\liblvgl.a(lv_button.o)
 .rodata.lv_button_class
                0x00000878       0x24 C:/SysGCC/m68k-elf/m68k-elf/lib/m68000\liblvgl.a(lv_button.o)
                0x00000878                lv_button_class
 .rodata.str1.1
                0x0000089c       0x29 C:/SysGCC/m68k-elf/m68k-elf/lib/m68000\liblvgl.a(lv_buttonmatrix.o)
                                 0x2c (size before relaxing)
 *fill*         0x000008c5        0x1 
 .rodata.lv_buttonmatrix_class
                0x000008c6       0x24 C:/SysGCC/m68k-elf/m68k-elf/lib/m68000\liblvgl.a(lv_buttonmatrix.o)
                0x000008c6                lv_buttonmatrix_class
 .rodata.lv_buttonmatrix_def_map
                0x000008ea       0x1c C:/SysGCC/m68k-elf/m68k-elf/lib/m68000\liblvgl.a(lv_buttonmatrix.o)
 .rodata.str1.1
                0x00000906       0x24 C:/SysGCC/m68k-elf/m68k-elf/lib/m68000\liblvgl.a(lv_calendar.o)
                                 0x27 (size before relaxing)
 .rodata.day_names_def
                0x0000092a       0x1c C:/SysGCC/m68k-elf/m68k-elf/lib/m68000\liblvgl.a(lv_calendar.o)
 .rodata.lv_calendar_class
                0x00000946       0x24 C:/SysGCC/m68k-elf/m68k-elf/lib/m68000\liblvgl.a(lv_calendar.o)
                0x00000946                lv_calendar_class
 .rodata.str1.1
                0x0000096a        0x9 C:/SysGCC/m68k-elf/m68k-elf/lib/m68000\liblvgl.a(lv_chart.o)
 *fill*         0x00000973        0x1 
 .rodata.lv_chart_class
                0x00000974       0x24 C:/SysGCC/m68k-elf/m68k-elf/lib/m68000\liblvgl.a(lv_chart.o)
                0x00000974                lv_chart_class
 .rodata.str1.1
                0x00000998       0x16 C:/SysGCC/m68k-elf/m68k-elf/lib/m68000\liblvgl.a(lv_checkbox.o)
 .rodata.lv_checkbox_class
                0x000009ae       0x24 C:/SysGCC/m68k-elf/m68k-elf/lib/m68000\liblvgl.a(lv_checkbox.o)
                0x000009ae                lv_checkbox_class
 .rodata.str1.1
                0x000009d2       0x3c C:/SysGCC/m68k-elf/m68k-elf/lib/m68000\liblvgl.a(lv_dropdown.o)
                                 0x3f (size before relaxing)
 .rodata.lv_dropdownlist_class
                0x00000a0e       0x24 C:/SysGCC/m68k-elf/m68k-elf/lib/m68000\liblvgl.a(lv_dropdown.o)
                0x00000a0e                lv_dropdownlist_class
 .rodata.lv_dropdown_class
                0x00000a32       0x24 C:/SysGCC/m68k-elf/m68k-elf/lib/m68000\liblvgl.a(lv_dropdown.o)
                0x00000a32                lv_dropdown_class
 .rodata.str1.1
                0x00000a56       0x95 C:/SysGCC/m68k-elf/m68k-elf/lib/m68000\liblvgl.a(lv_keyboard.o)
                                 0xf6 (size before relaxing)
 *fill*         0x00000aeb        0x1 
 .rodata.default_kb_ctrl_num_map
                0x00000aec       0x44 C:/SysGCC/m68k-elf/m68k-elf/lib/m68000\liblvgl.a(lv_keyboard.o)
 .rodata.default_kb_map_num
                0x00000b30       0x54 C:/SysGCC/m68k-elf/m68k-elf/lib/m68000\liblvgl.a(lv_keyboard.o)
 .rodata.default_kb_ctrl_spec_map
                0x00000b84       0xa0 C:/SysGCC/m68k-elf/m68k-elf/lib/m68000\liblvgl.a(lv_keyboard.o)
 .rodata.default_kb_map_spec
                0x00000c24       0xb0 C:/SysGCC/m68k-elf/m68k-elf/lib/m68000\liblvgl.a(lv_keyboard.o)
 .rodata.default_kb_ctrl_uc_map
                0x00000cd4       0xa0 C:/SysGCC/m68k-elf/m68k-elf/lib/m68000\liblvgl.a(lv_keyboard.o)
 .rodata.default_kb_map_uc
                0x00000d74       0xb0 C:/SysGCC/m68k-elf/m68k-elf/lib/m68000\liblvgl.a(lv_keyboard.o)
 .rodata.default_kb_ctrl_lc_map
                0x00000e24       0xa0 C:/SysGCC/m68k-elf/m68k-elf/lib/m68000\liblvgl.a(lv_keyboard.o)
 .rodata.default_kb_map_lc
                0x00000ec4       0xb0 C:/SysGCC/m68k-elf/m68k-elf/lib/m68000\liblvgl.a(lv_keyboard.o)
 .rodata.lv_keyboard_class
                0x00000f74       0x24 C:/SysGCC/m68k-elf/m68k-elf/lib/m68000\liblvgl.a(lv_keyboard.o)
                0x00000f74                lv_keyboard_class
 .rodata.str1.1
                0x00000f98        0xe C:/SysGCC/m68k-elf/m68k-elf/lib/m68000\liblvgl.a(lv_label.o)
                                 0x11 (size before relaxing)
 .rodata.lv_label_class
                0x00000fa6       0x24 C:/SysGCC/m68k-elf/m68k-elf/lib/m68000\liblvgl.a(lv_label.o)
                0x00000fa6                lv_label_class
 .rodata.str1.1
                0x00000fca        0x7 C:/SysGCC/m68k-elf/m68k-elf/lib/m68000\liblvgl.a(lv_led.o)
 *fill*         0x00000fd1        0x1 
 .rodata.lv_led_class
                0x00000fd2       0x24 C:/SysGCC/m68k-elf/m68k-elf/lib/m68000\liblvgl.a(lv_led.o)
                0x00000fd2                lv_led_class
 .rodata.str1.1
                0x00000ff6       0x24 C:/SysGCC/m68k-elf/m68k-elf/lib/m68000\liblvgl.a(lv_list.o)
                                 0x25 (size before relaxing)
 .rodata.lv_list_text_class
                0x0000101a       0x24 C:/SysGCC/m68k-elf/m68k-elf/lib/m68000\liblvgl.a(lv_list.o)
                0x0000101a                lv_list_text_class
 .rodata.lv_list_button_class
                0x0000103e       0x24 C:/SysGCC/m68k-elf/m68k-elf/lib/m68000\liblvgl.a(lv_list.o)
                0x0000103e                lv_list_button_class
 .rodata.lv_list_class
                0x00001062       0x24 C:/SysGCC/m68k-elf/m68k-elf/lib/m68000\liblvgl.a(lv_list.o)
                0x00001062                lv_list_class
 .rodata.str1.1
                0x00001086       0x81 C:/SysGCC/m68k-elf/m68k-elf/lib/m68000\liblvgl.a(lv_msgbox.o)
                                 0x86 (size before relaxing)
 *fill*         0x00001107        0x1 
 .rodata.lv_msgbox_backdrop_class
                0x00001108       0x24 C:/SysGCC/m68k-elf/m68k-elf/lib/m68000\liblvgl.a(lv_msgbox.o)
                0x00001108                lv_msgbox_backdrop_class
 .rodata.lv_msgbox_header_button_class
                0x0000112c       0x24 C:/SysGCC/m68k-elf/m68k-elf/lib/m68000\liblvgl.a(lv_msgbox.o)
                0x0000112c                lv_msgbox_header_button_class
 .rodata.lv_msgbox_footer_button_class
                0x00001150       0x24 C:/SysGCC/m68k-elf/m68k-elf/lib/m68000\liblvgl.a(lv_msgbox.o)
                0x00001150                lv_msgbox_footer_button_class
 .rodata.lv_msgbox_footer_class
                0x00001174       0x24 C:/SysGCC/m68k-elf/m68k-elf/lib/m68000\liblvgl.a(lv_msgbox.o)
                0x00001174                lv_msgbox_footer_class
 .rodata.lv_msgbox_content_class
                0x00001198       0x24 C:/SysGCC/m68k-elf/m68k-elf/lib/m68000\liblvgl.a(lv_msgbox.o)
                0x00001198                lv_msgbox_content_class
 .rodata.lv_msgbox_header_class
                0x000011bc       0x24 C:/SysGCC/m68k-elf/m68k-elf/lib/m68000\liblvgl.a(lv_msgbox.o)
                0x000011bc                lv_msgbox_header_class
 .rodata.lv_msgbox_class
                0x000011e0       0x24 C:/SysGCC/m68k-elf/m68k-elf/lib/m68000\liblvgl.a(lv_msgbox.o)
                0x000011e0                lv_msgbox_class
 .rodata.str1.1
                0x00001204       0x47 C:/SysGCC/m68k-elf/m68k-elf/lib/m68000\liblvgl.a(lv_roller.o)
 *fill*         0x0000124b        0x1 
 .rodata.lv_roller_label_class
                0x0000124c       0x24 C:/SysGCC/m68k-elf/m68k-elf/lib/m68000\liblvgl.a(lv_roller.o)
                0x0000124c                lv_roller_label_class
 .rodata.lv_roller_class
                0x00001270       0x24 C:/SysGCC/m68k-elf/m68k-elf/lib/m68000\liblvgl.a(lv_roller.o)
                0x00001270                lv_roller_class
 .rodata.str1.1
                0x00001294        0xa C:/SysGCC/m68k-elf/m68k-elf/lib/m68000\liblvgl.a(lv_slider.o)
 .rodata.lv_slider_class
                0x0000129e       0x24 C:/SysGCC/m68k-elf/m68k-elf/lib/m68000\liblvgl.a(lv_slider.o)
                0x0000129e                lv_slider_class
 .rodata.str1.1
                0x000012c2       0x10 C:/SysGCC/m68k-elf/m68k-elf/lib/m68000\liblvgl.a(lv_span.o)
                                 0x18 (size before relaxing)
 .rodata.lv_spangroup_class
                0x000012d2       0x24 C:/SysGCC/m68k-elf/m68k-elf/lib/m68000\liblvgl.a(lv_span.o)
                0x000012d2                lv_spangroup_class
 .rodata.str1.1
                0x000012f6        0xb C:/SysGCC/m68k-elf/m68k-elf/lib/m68000\liblvgl.a(lv_spinbox.o)
                                  0xe (size before relaxing)
 *fill*         0x00001301        0x1 
 .rodata.lv_spinbox_class
                0x00001302       0x24 C:/SysGCC/m68k-elf/m68k-elf/lib/m68000\liblvgl.a(lv_spinbox.o)
                0x00001302                lv_spinbox_class
 .rodata.str1.1
                0x00001326        0xb C:/SysGCC/m68k-elf/m68k-elf/lib/m68000\liblvgl.a(lv_spinner.o)
 *fill*         0x00001331        0x1 
 .rodata.lv_spinner_class
                0x00001332       0x24 C:/SysGCC/m68k-elf/m68k-elf/lib/m68000\liblvgl.a(lv_spinner.o)
                0x00001332                lv_spinner_class
 .rodata.str1.1
                0x00001356        0xa C:/SysGCC/m68k-elf/m68k-elf/lib/m68000\liblvgl.a(lv_switch.o)
 .rodata.lv_switch_class
                0x00001360       0x24 C:/SysGCC/m68k-elf/m68k-elf/lib/m68000\liblvgl.a(lv_switch.o)
                0x00001360                lv_switch_class
 .rodata.str1.1
                0x00001384        0x9 C:/SysGCC/m68k-elf/m68k-elf/lib/m68000\liblvgl.a(lv_table.o)
                                  0xa (size before relaxing)
 *fill*         0x0000138d        0x1 
 .rodata.lv_table_class
                0x0000138e       0x24 C:/SysGCC/m68k-elf/m68k-elf/lib/m68000\liblvgl.a(lv_table.o)
                0x0000138e                lv_table_class
 .rodata.str1.1
                0x000013b2        0xb C:/SysGCC/m68k-elf/m68k-elf/lib/m68000\liblvgl.a(lv_tabview.o)
 *fill*         0x000013bd        0x1 
 .rodata.lv_tabview_class
                0x000013be       0x24 C:/SysGCC/m68k-elf/m68k-elf/lib/m68000\liblvgl.a(lv_tabview.o)
                0x000013be                lv_tabview_class
 .rodata.str1.1
                0x000013e2       0x10 C:/SysGCC/m68k-elf/m68k-elf/lib/m68000\liblvgl.a(lv_textarea.o)
                                 0x13 (size before relaxing)
 .rodata.lv_textarea_class
                0x000013f2       0x24 C:/SysGCC/m68k-elf/m68k-elf/lib/m68000\liblvgl.a(lv_textarea.o)
                0x000013f2                lv_textarea_class
 .rodata.str1.1
                0x00001416       0x14 C:/SysGCC/m68k-elf/m68k-elf/lib/m68000\liblvgl.a(lv_tileview.o)
 .rodata.lv_tileview_tile_class
                0x0000142a       0x24 C:/SysGCC/m68k-elf/m68k-elf/lib/m68000\liblvgl.a(lv_tileview.o)
                0x0000142a                lv_tileview_tile_class
 .rodata.lv_tileview_class
                0x0000144e       0x24 C:/SysGCC/m68k-elf/m68k-elf/lib/m68000\liblvgl.a(lv_tileview.o)
                0x0000144e                lv_tileview_class
 .rodata.str1.1
                0x00001472        0x7 C:/SysGCC/m68k-elf/m68k-elf/lib/m68000\liblvgl.a(lv_win.o)
 *fill*         0x00001479        0x1 
 .rodata.lv_win_class
                0x0000147a       0x24 C:/SysGCC/m68k-elf/m68k-elf/lib/m68000\liblvgl.a(lv_win.o)
                0x0000147a                lv_win_class
 .rodata.str1.1
                0x0000149e        0x7 C:/SysGCC/m68k-elf/m68k-elf/lib/m68000\liblvgl.a(lv_obj.o)
 *fill*         0x000014a5        0x1 
 .rodata.lv_obj_class
                0x000014a6       0x24 C:/SysGCC/m68k-elf/m68k-elf/lib/m68000\liblvgl.a(lv_obj.o)
                0x000014a6                lv_obj_class
 .rodata.str1.1
                0x00000000        0x1 C:/SysGCC/m68k-elf/m68k-elf/lib/m68000\liblvgl.a(lv_observer.o)
 .rodata.CSWTCH.7
                0x000014ca        0xd C:/SysGCC/m68k-elf/m68k-elf/lib/m68000\liblvgl.a(lv_draw.o)
 *fill*         0x000014d7        0x1 
 .rodata        0x000014d8       0x10 C:/SysGCC/m68k-elf/m68k-elf/lib/m68000\liblvgl.a(lv_draw_image.o)
 .rodata.str1.1
                0x000014e8        0x3 C:/SysGCC/m68k-elf/m68k-elf/lib/m68000\liblvgl.a(lv_draw_sw.o)
 .rodata.wcorr.7753
                0x000014eb       0x21 C:/SysGCC/m68k-elf/m68k-elf/lib/m68000\liblvgl.a(lv_draw_sw_line.o)
 .rodata.lv_font_montserrat_12
                0x0000150c       0x24 C:/SysGCC/m68k-elf/m68k-elf/lib/m68000\liblvgl.a(lv_font_montserrat_12.o)
                0x0000150c                lv_font_montserrat_12
 .rodata.font_dsc
                0x00001530       0x16 C:/SysGCC/m68k-elf/m68k-elf/lib/m68000\liblvgl.a(lv_font_montserrat_12.o)
 .rodata.kern_classes
                0x00001546        0xe C:/SysGCC/m68k-elf/m68k-elf/lib/m68000\liblvgl.a(lv_font_montserrat_12.o)
 .rodata.kern_class_values
                0x00001554      0xbad C:/SysGCC/m68k-elf/m68k-elf/lib/m68000\liblvgl.a(lv_font_montserrat_12.o)
 .rodata.kern_right_class_mapping
                0x00002101       0x9e C:/SysGCC/m68k-elf/m68k-elf/lib/m68000\liblvgl.a(lv_font_montserrat_12.o)
 .rodata.kern_left_class_mapping
                0x0000219f       0x9e C:/SysGCC/m68k-elf/m68k-elf/lib/m68000\liblvgl.a(lv_font_montserrat_12.o)
 *fill*         0x0000223d        0x1 
 .rodata.cmaps  0x0000223e       0x2c C:/SysGCC/m68k-elf/m68k-elf/lib/m68000\liblvgl.a(lv_font_montserrat_12.o)
 .rodata.unicode_list_1
                0x0000226a       0x7c C:/SysGCC/m68k-elf/m68k-elf/lib/m68000\liblvgl.a(lv_font_montserrat_12.o)
 .rodata.glyph_dsc
                0x000022e6      0x4f0 C:/SysGCC/m68k-elf/m68k-elf/lib/m68000\liblvgl.a(lv_font_montserrat_12.o)
 .rodata.glyph_bitmap
                0x000027d6     0x1a0f C:/SysGCC/m68k-elf/m68k-elf/lib/m68000\liblvgl.a(lv_font_montserrat_12.o)
 .rodata.str1.1
                0x000041e5        0x8 C:/SysGCC/m68k-elf/m68k-elf/lib/m68000\liblvgl.a(lv_bin_decoder.o)
 .rodata.str1.1
                0x000041ed        0x6 C:/SysGCC/m68k-elf/m68k-elf/lib/m68000\liblvgl.a(lv_image_cache.o)
 *fill*         0x000041f3        0x1 
 .rodata        0x000041f4        0xc C:/SysGCC/m68k-elf/m68k-elf/lib/m68000\liblvgl.a(lv_image_cache.o)
 .rodata.str1.1
                0x00004200        0xd C:/SysGCC/m68k-elf/m68k-elf/lib/m68000\liblvgl.a(lv_image_header_cache.o)
 *fill*         0x0000420d        0x1 
 .rodata        0x0000420e        0xc C:/SysGCC/m68k-elf/m68k-elf/lib/m68000\liblvgl.a(lv_image_header_cache.o)
 .rodata.CSWTCH.7
                0x0000421a       0x30 C:/SysGCC/m68k-elf/m68k-elf/lib/m68000\liblvgl.a(lv_color.o)
 .rodata.lv_color_filter_shade
                0x0000424a        0x8 C:/SysGCC/m68k-elf/m68k-elf/lib/m68000\liblvgl.a(lv_color.o)
                0x0000424a                lv_color_filter_shade
 .rodata.str1.1
                0x00004252      0x50a C:/SysGCC/m68k-elf/m68k-elf/lib/m68000\liblvgl.a(lv_event.o)
 .rodata.CSWTCH.38
                0x0000475c      0x114 C:/SysGCC/m68k-elf/m68k-elf/lib/m68000\liblvgl.a(lv_event.o)
 .rodata.colors.2052
                0x00004870       0xe4 C:/SysGCC/m68k-elf/m68k-elf/lib/m68000\liblvgl.a(lv_palette.o)
 .rodata.colors.2047
                0x00004954      0x11d C:/SysGCC/m68k-elf/m68k-elf/lib/m68000\liblvgl.a(lv_palette.o)
 .rodata.colors.2042
                0x00004a71       0x39 C:/SysGCC/m68k-elf/m68k-elf/lib/m68000\liblvgl.a(lv_palette.o)
 .rodata.white.8076
                0x00004aaa        0x3 C:/SysGCC/m68k-elf/m68k-elf/lib/m68000\liblvgl.a(lv_style.o)
 .rodata.lv_style_builtin_prop_flag_lookup_table
                0x00004aad       0xb1 C:/SysGCC/m68k-elf/m68k-elf/lib/m68000\liblvgl.a(lv_style.o)
                0x00004aad                lv_style_builtin_prop_flag_lookup_table
 .rodata.lv_style_const_prop_id_inv
                0x00004b5e        0x1 C:/SysGCC/m68k-elf/m68k-elf/lib/m68000\liblvgl.a(lv_style.o)
                0x00004b5e                lv_style_const_prop_id_inv
 .rodata.str1.1
                0x00000000        0x8 C:/SysGCC/m68k-elf/m68k-elf/lib/m68000\liblvgl.a(lv_text.o)
 *fill*         0x00004b5f        0x1 
 .rodata.lv_text_get_encoded_length
                0x00004b60        0x4 C:/SysGCC/m68k-elf/m68k-elf/lib/m68000\liblvgl.a(lv_text.o)
                0x00004b60                lv_text_get_encoded_length
 .rodata.lv_text_encoded_get_char_id
                0x00004b64        0x4 C:/SysGCC/m68k-elf/m68k-elf/lib/m68000\liblvgl.a(lv_text.o)
                0x00004b64                lv_text_encoded_get_char_id
 .rodata.lv_text_encoded_get_byte_id
                0x00004b68        0x4 C:/SysGCC/m68k-elf/m68k-elf/lib/m68000\liblvgl.a(lv_text.o)
                0x00004b68                lv_text_encoded_get_byte_id
 .rodata.lv_text_encoded_prev
                0x00004b6c        0x4 C:/SysGCC/m68k-elf/m68k-elf/lib/m68000\liblvgl.a(lv_text.o)
                0x00004b6c                lv_text_encoded_prev
 .rodata.lv_text_encoded_next
                0x00004b70        0x4 C:/SysGCC/m68k-elf/m68k-elf/lib/m68000\liblvgl.a(lv_text.o)
                0x00004b70                lv_text_encoded_next
 .rodata.lv_text_encoded_conv_wc
                0x00004b74        0x4 C:/SysGCC/m68k-elf/m68k-elf/lib/m68000\liblvgl.a(lv_text.o)
                0x00004b74                lv_text_encoded_conv_wc
 .rodata.lv_text_unicode_to_encoded
                0x00004b78        0x4 C:/SysGCC/m68k-elf/m68k-elf/lib/m68000\liblvgl.a(lv_text.o)
                0x00004b78                lv_text_unicode_to_encoded
 .rodata.lv_text_encoded_size
                0x00004b7c        0x4 C:/SysGCC/m68k-elf/m68k-elf/lib/m68000\liblvgl.a(lv_text.o)
                0x00004b7c                lv_text_encoded_size
 .rodata.str1.1
                0x00004b80        0x9 C:/SysGCC/m68k-elf/m68k-elf/lib/m68000\liblvgl.a(lv_image.o)
 *fill*         0x00004b89        0x1 
 .rodata.lv_image_class
                0x00004b8a       0x24 C:/SysGCC/m68k-elf/m68k-elf/lib/m68000\liblvgl.a(lv_image.o)
                0x00004b8a                lv_image_class
 .rodata.lv_builtin_font_class
                0x00004bae       0x10 C:/SysGCC/m68k-elf/m68k-elf/lib/m68000\liblvgl.a(lv_font_fmt_txt.o)
                0x00004bae                lv_builtin_font_class
 .rodata.opa2_table
                0x00004bbe        0x4 C:/SysGCC/m68k-elf/m68k-elf/lib/m68000\liblvgl.a(lv_font_fmt_txt.o)
 .rodata.opa4_table
                0x00004bc2       0x10 C:/SysGCC/m68k-elf/m68k-elf/lib/m68000\liblvgl.a(lv_font_fmt_txt.o)
 .rodata.lv_cache_class_lru_rb_size
                0x00004bd2       0x2c C:/SysGCC/m68k-elf/m68k-elf/lib/m68000\liblvgl.a(lv_cache_lru_rb.o)
                0x00004bd2                lv_cache_class_lru_rb_size
 .rodata.lv_cache_class_lru_rb_count
                0x00004bfe       0x2c C:/SysGCC/m68k-elf/m68k-elf/lib/m68000\liblvgl.a(lv_cache_lru_rb.o)
                0x00004bfe                lv_cache_class_lru_rb_count
 .rodata        0x00004c2a      0x100 c:/sysgcc/m68k-elf/bin/../lib/gcc/m68k-elf/4.8.0/m68000\libgcc.a(_clz.o)
                0x00004c2a                __clz_tab
 .rodata        0x00004d2a        0x4 C:/SysGCC/m68k-elf/m68k-elf/lib/m68000\libc.a(lib_a-impure.o)
                0x00004d2a                _global_impure_ptr
 .rodata.str1.1
                0x00000000        0x2 C:/SysGCC/m68k-elf/m68k-elf/lib/m68000\libc.a(lib_a-impure.o)
 .rodata.str1.1
                0x00000000        0x2 C:/SysGCC/m68k-elf/m68k-elf/lib/m68000\libc.a(lib_a-puts.o)
 .rodata.str1.1
                0x00004d2e       0x39 C:/SysGCC/m68k-elf/m68k-elf/lib/m68000\libc.a(lib_a-vfprintf.o)
                                 0x3b (size before relaxing)
 .rodata        0x00004d67       0x20 C:/SysGCC/m68k-elf/m68k-elf/lib/m68000\libc.a(lib_a-vfprintf.o)
 .rodata.str1.1
                0x00004d87        0xd C:/SysGCC/m68k-elf/m68k-elf/lib/m68000\libc.a(lib_a-dtoa.o)
                                  0xf (size before relaxing)
 .rodata.str1.1
                0x00004d94        0x6 C:/SysGCC/m68k-elf/m68k-elf/lib/m68000\libc.a(lib_a-locale.o)
                                  0xb (size before relaxing)
 .rodata        0x00004d9a      0x124 C:/SysGCC/m68k-elf/m68k-elf/lib/m68000\libc.a(lib_a-mprec.o)
                0x00004da6                __mprec_tinytens
                0x00004dce                __mprec_bigtens
                0x00004df6                __mprec_tens
 .rodata.str1.1
                0x00000000       0x29 C:/SysGCC/m68k-elf/m68k-elf/lib/m68000\libc.a(lib_a-vfiprintf.o)
 .rodata        0x00004ebe       0x20 C:/SysGCC/m68k-elf/m68k-elf/lib/m68000\libc.a(lib_a-vfiprintf.o)
 .rodata        0x00004ede       0x42 C:/SysGCC/m68k-elf/m68k-elf/lib/m68000\libnkc.a(newlib_stubs.o)
 .rodata.str1.1
                0x00004f20        0xa C:/SysGCC/m68k-elf/m68k-elf/lib/m68000\libnkc.a(newlib_stubs.o)
 .rodata.str1.1
                0x00004f2a       0x1a C:/SysGCC/m68k-elf/m68k-elf/lib/m68000\libnkc.a(open.o)
 .rodata.str1.1
                0x00004f44        0x4 C:/SysGCC/m68k-elf/m68k-elf/lib/m68000\libnkc.a(read.o)
 .rodata        0x00004f48      0x101 C:/SysGCC/m68k-elf/m68k-elf/lib/m68000\libc.a(lib_a-ctype_.o)
                0x00004f48                _ctype_
 *fill*         0x00005049        0x1 
 .rodata        0x0000504a       0x60 C:/SysGCC/m68k-elf/m68k-elf/lib/m68000\libc.a(lib_a-mktime.o)
 .rodata        0x000050aa       0x68 C:/SysGCC/m68k-elf/m68k-elf/lib/m68000\libc.a(lib_a-mktm_r.o)
 .rodata.str1.1
                0x00005112        0x4 C:/SysGCC/m68k-elf/m68k-elf/lib/m68000\libc.a(lib_a-tzvars.o)
 *(.gcc_except_table)
 *(.eh_frame)
 *fill*         0x00005116        0x2 
 .eh_frame      0x00005118       0x44 c:/sysgcc/m68k-elf/bin/../lib/gcc/m68k-elf/4.8.0/m68000\libgcc.a(_divdi3.o)
 .eh_frame      0x0000515c       0x2c c:/sysgcc/m68k-elf/bin/../lib/gcc/m68k-elf/4.8.0/m68000\libgcc.a(_udivdi3.o)
                                 0x44 (size before relaxing)
 .eh_frame      0x00005188       0x2c c:/sysgcc/m68k-elf/bin/../lib/gcc/m68k-elf/4.8.0/m68000\libgcc.a(_umoddi3.o)
                                 0x44 (size before relaxing)
 *(.text)
 .text          0x000051b4        0x0 obj/crt0.o
 .text          0x000051b4        0x0 ./obj/lvgl_nkc.o
 .text          0x000051b4        0x0 C:/SysGCC/m68k-elf/m68k-elf/lib/m68000\liblvgl.a(lv_tick.o)
 .text          0x000051b4        0x0 C:/SysGCC/m68k-elf/m68k-elf/lib/m68000\liblvgl.a(lv_init.o)
 .text          0x000051b4        0x0 C:/SysGCC/m68k-elf/m68k-elf/lib/m68000\liblvgl.a(lv_anim.o)
 .text          0x000051b4        0x0 C:/SysGCC/m68k-elf/m68k-elf/lib/m68000\liblvgl.a(lv_fs.o)
 .text          0x000051b4        0x0 C:/SysGCC/m68k-elf/m68k-elf/lib/m68000\liblvgl.a(lv_ll.o)
 .text          0x000051b4        0x0 C:/SysGCC/m68k-elf/m68k-elf/lib/m68000\liblvgl.a(lv_math.o)
 .text          0x000051b4        0x0 C:/SysGCC/m68k-elf/m68k-elf/lib/m68000\liblvgl.a(lv_timer.o)
 .text          0x000051b4        0x0 C:/SysGCC/m68k-elf/m68k-elf/lib/m68000\liblvgl.a(lv_os.o)
 .text          0x000051b4        0x0 C:/SysGCC/m68k-elf/m68k-elf/lib/m68000\liblvgl.a(lv_mem_core_builtin.o)
 .text          0x000051b4        0x0 C:/SysGCC/m68k-elf/m68k-elf/lib/m68000\liblvgl.a(lv_sprintf_builtin.o)
 .text          0x000051b4        0x0 C:/SysGCC/m68k-elf/m68k-elf/lib/m68000\liblvgl.a(lv_string_builtin.o)
 .text          0x000051b4        0x0 C:/SysGCC/m68k-elf/m68k-elf/lib/m68000\liblvgl.a(lv_tlsf.o)
 .text          0x000051b4        0x0 C:/SysGCC/m68k-elf/m68k-elf/lib/m68000\liblvgl.a(lv_mem.o)
 .text          0x000051b4        0x0 C:/SysGCC/m68k-elf/m68k-elf/lib/m68000\liblvgl.a(lv_theme_mono.o)
 .text          0x000051b4        0x0 C:/SysGCC/m68k-elf/m68k-elf/lib/m68000\liblvgl.a(lv_theme_simple.o)
 .text          0x000051b4        0x0 C:/SysGCC/m68k-elf/m68k-elf/lib/m68000\liblvgl.a(lv_arc.o)
 .text          0x000051b4        0x0 C:/SysGCC/m68k-elf/m68k-elf/lib/m68000\liblvgl.a(lv_bar.o)
 .text          0x000051b4        0x0 C:/SysGCC/m68k-elf/m68k-elf/lib/m68000\liblvgl.a(lv_button.o)
 .text          0x000051b4        0x0 C:/SysGCC/m68k-elf/m68k-elf/lib/m68000\liblvgl.a(lv_buttonmatrix.o)
 .text          0x000051b4        0x0 C:/SysGCC/m68k-elf/m68k-elf/lib/m68000\liblvgl.a(lv_calendar.o)
 .text          0x000051b4        0x0 C:/SysGCC/m68k-elf/m68k-elf/lib/m68000\liblvgl.a(lv_chart.o)
 .text          0x000051b4        0x0 C:/SysGCC/m68k-elf/m68k-elf/lib/m68000\liblvgl.a(lv_checkbox.o)
 .text          0x000051b4        0x0 C:/SysGCC/m68k-elf/m68k-elf/lib/m68000\liblvgl.a(lv_dropdown.o)
 .text          0x000051b4        0x0 C:/SysGCC/m68k-elf/m68k-elf/lib/m68000\liblvgl.a(lv_keyboard.o)
 .text          0x000051b4        0x0 C:/SysGCC/m68k-elf/m68k-elf/lib/m68000\liblvgl.a(lv_label.o)
 .text          0x000051b4        0x0 C:/SysGCC/m68k-elf/m68k-elf/lib/m68000\liblvgl.a(lv_led.o)
 .text          0x000051b4        0x0 C:/SysGCC/m68k-elf/m68k-elf/lib/m68000\liblvgl.a(lv_list.o)
 .text          0x000051b4        0x0 C:/SysGCC/m68k-elf/m68k-elf/lib/m68000\liblvgl.a(lv_msgbox.o)
 .text          0x000051b4        0x0 C:/SysGCC/m68k-elf/m68k-elf/lib/m68000\liblvgl.a(lv_roller.o)
 .text          0x000051b4        0x0 C:/SysGCC/m68k-elf/m68k-elf/lib/m68000\liblvgl.a(lv_slider.o)
 .text          0x000051b4        0x0 C:/SysGCC/m68k-elf/m68k-elf/lib/m68000\liblvgl.a(lv_span.o)
 .text          0x000051b4        0x0 C:/SysGCC/m68k-elf/m68k-elf/lib/m68000\liblvgl.a(lv_spinbox.o)
 .text          0x000051b4        0x0 C:/SysGCC/m68k-elf/m68k-elf/lib/m68000\liblvgl.a(lv_spinner.o)
 .text          0x000051b4        0x0 C:/SysGCC/m68k-elf/m68k-elf/lib/m68000\liblvgl.a(lv_switch.o)
 .text          0x000051b4        0x0 C:/SysGCC/m68k-elf/m68k-elf/lib/m68000\liblvgl.a(lv_table.o)
 .text          0x000051b4        0x0 C:/SysGCC/m68k-elf/m68k-elf/lib/m68000\liblvgl.a(lv_tabview.o)
 .text          0x000051b4        0x0 C:/SysGCC/m68k-elf/m68k-elf/lib/m68000\liblvgl.a(lv_textarea.o)
 .text          0x000051b4        0x0 C:/SysGCC/m68k-elf/m68k-elf/lib/m68000\liblvgl.a(lv_tileview.o)
 .text          0x000051b4        0x0 C:/SysGCC/m68k-elf/m68k-elf/lib/m68000\liblvgl.a(lv_win.o)
 .text          0x000051b4        0x0 C:/SysGCC/m68k-elf/m68k-elf/lib/m68000\liblvgl.a(lv_group.o)
 .text          0x000051b4        0x0 C:/SysGCC/m68k-elf/m68k-elf/lib/m68000\liblvgl.a(lv_obj.o)
 .text          0x000051b4        0x0 C:/SysGCC/m68k-elf/m68k-elf/lib/m68000\liblvgl.a(lv_obj_class.o)
 .text          0x000051b4        0x0 C:/SysGCC/m68k-elf/m68k-elf/lib/m68000\liblvgl.a(lv_obj_draw.o)
 .text          0x000051b4        0x0 C:/SysGCC/m68k-elf/m68k-elf/lib/m68000\liblvgl.a(lv_obj_event.o)
 .text          0x000051b4        0x0 C:/SysGCC/m68k-elf/m68k-elf/lib/m68000\liblvgl.a(lv_obj_pos.o)
 .text          0x000051b4        0x0 C:/SysGCC/m68k-elf/m68k-elf/lib/m68000\liblvgl.a(lv_obj_scroll.o)
 .text          0x000051b4        0x0 C:/SysGCC/m68k-elf/m68k-elf/lib/m68000\liblvgl.a(lv_obj_style.o)
 .text          0x000051b4        0x0 C:/SysGCC/m68k-elf/m68k-elf/lib/m68000\liblvgl.a(lv_obj_style_gen.o)
 .text          0x000051b4        0x0 C:/SysGCC/m68k-elf/m68k-elf/lib/m68000\liblvgl.a(lv_obj_tree.o)
 .text          0x000051b4        0x0 C:/SysGCC/m68k-elf/m68k-elf/lib/m68000\liblvgl.a(lv_observer.o)
 .text          0x000051b4        0x0 C:/SysGCC/m68k-elf/m68k-elf/lib/m68000\liblvgl.a(lv_refr.o)
 .text          0x000051b4        0x0 C:/SysGCC/m68k-elf/m68k-elf/lib/m68000\liblvgl.a(lv_display.o)
 .text          0x000051b4        0x0 C:/SysGCC/m68k-elf/m68k-elf/lib/m68000\liblvgl.a(lv_draw.o)
 .text          0x000051b4        0x0 C:/SysGCC/m68k-elf/m68k-elf/lib/m68000\liblvgl.a(lv_draw_arc.o)
 .text          0x000051b4        0x0 C:/SysGCC/m68k-elf/m68k-elf/lib/m68000\liblvgl.a(lv_draw_blur.o)
 .text          0x000051b4        0x0 C:/SysGCC/m68k-elf/m68k-elf/lib/m68000\liblvgl.a(lv_draw_buf.o)
 .text          0x000051b4        0x0 C:/SysGCC/m68k-elf/m68k-elf/lib/m68000\liblvgl.a(lv_draw_image.o)
 .text          0x000051b4        0x0 C:/SysGCC/m68k-elf/m68k-elf/lib/m68000\liblvgl.a(lv_draw_label.o)
 .text          0x000051b4        0x0 C:/SysGCC/m68k-elf/m68k-elf/lib/m68000\liblvgl.a(lv_draw_line.o)
 .text          0x000051b4        0x0 C:/SysGCC/m68k-elf/m68k-elf/lib/m68000\liblvgl.a(lv_draw_mask.o)
 .text          0x000051b4        0x0 C:/SysGCC/m68k-elf/m68k-elf/lib/m68000\liblvgl.a(lv_draw_rect.o)
 .text          0x000051b4        0x0 C:/SysGCC/m68k-elf/m68k-elf/lib/m68000\liblvgl.a(lv_image_decoder.o)
 .text          0x000051b4        0x0 C:/SysGCC/m68k-elf/m68k-elf/lib/m68000\liblvgl.a(lv_draw_sw.o)
 .text          0x000051b4        0x0 C:/SysGCC/m68k-elf/m68k-elf/lib/m68000\liblvgl.a(lv_draw_sw_arc.o)
 .text          0x000051b4        0x0 C:/SysGCC/m68k-elf/m68k-elf/lib/m68000\liblvgl.a(lv_draw_sw_blur.o)
 .text          0x000051b4        0x0 C:/SysGCC/m68k-elf/m68k-elf/lib/m68000\liblvgl.a(lv_draw_sw_border.o)
 .text          0x000051b4        0x0 C:/SysGCC/m68k-elf/m68k-elf/lib/m68000\liblvgl.a(lv_draw_sw_box_shadow.o)
 .text          0x000051b4        0x0 C:/SysGCC/m68k-elf/m68k-elf/lib/m68000\liblvgl.a(lv_draw_sw_fill.o)
 .text          0x000051b4        0x0 C:/SysGCC/m68k-elf/m68k-elf/lib/m68000\liblvgl.a(lv_draw_sw_grad.o)
 .text          0x000051b4        0x0 C:/SysGCC/m68k-elf/m68k-elf/lib/m68000\liblvgl.a(lv_draw_sw_img.o)
 .text          0x000051b4        0x0 C:/SysGCC/m68k-elf/m68k-elf/lib/m68000\liblvgl.a(lv_draw_sw_letter.o)
 .text          0x000051b4        0x0 C:/SysGCC/m68k-elf/m68k-elf/lib/m68000\liblvgl.a(lv_draw_sw_line.o)
 .text          0x000051b4        0x0 C:/SysGCC/m68k-elf/m68k-elf/lib/m68000\liblvgl.a(lv_draw_sw_mask.o)
 .text          0x000051b4        0x0 C:/SysGCC/m68k-elf/m68k-elf/lib/m68000\liblvgl.a(lv_draw_sw_mask_rect.o)
 .text          0x000051b4        0x0 C:/SysGCC/m68k-elf/m68k-elf/lib/m68000\liblvgl.a(lv_draw_sw_transform.o)
 .text          0x000051b4        0x0 C:/SysGCC/m68k-elf/m68k-elf/lib/m68000\liblvgl.a(lv_draw_sw_triangle.o)
 .text          0x000051b4        0x0 C:/SysGCC/m68k-elf/m68k-elf/lib/m68000\liblvgl.a(lv_font.o)
 .text          0x000051b4        0x0 C:/SysGCC/m68k-elf/m68k-elf/lib/m68000\liblvgl.a(lv_font_montserrat_12.o)
 .text          0x000051b4        0x0 C:/SysGCC/m68k-elf/m68k-elf/lib/m68000\liblvgl.a(lv_indev.o)
 .text          0x000051b4        0x0 C:/SysGCC/m68k-elf/m68k-elf/lib/m68000\liblvgl.a(lv_indev_scroll.o)
 .text          0x000051b4        0x0 C:/SysGCC/m68k-elf/m68k-elf/lib/m68000\liblvgl.a(lv_flex.o)
 .text          0x000051b4        0x0 C:/SysGCC/m68k-elf/m68k-elf/lib/m68000\liblvgl.a(lv_layout.o)
 .text          0x000051b4        0x0 C:/SysGCC/m68k-elf/m68k-elf/lib/m68000\liblvgl.a(lv_bin_decoder.o)
 .text          0x000051b4        0x0 C:/SysGCC/m68k-elf/m68k-elf/lib/m68000\liblvgl.a(lv_image_cache.o)
 .text          0x000051b4        0x0 C:/SysGCC/m68k-elf/m68k-elf/lib/m68000\liblvgl.a(lv_image_header_cache.o)
 .text          0x000051b4        0x0 C:/SysGCC/m68k-elf/m68k-elf/lib/m68000\liblvgl.a(lv_cache.o)
 .text          0x000051b4        0x0 C:/SysGCC/m68k-elf/m68k-elf/lib/m68000\liblvgl.a(lv_cache_entry.o)
 .text          0x000051b4        0x0 C:/SysGCC/m68k-elf/m68k-elf/lib/m68000\liblvgl.a(lv_anim_timeline.o)
 .text          0x000051b4        0x0 C:/SysGCC/m68k-elf/m68k-elf/lib/m68000\liblvgl.a(lv_area.o)
 .text          0x000051b4        0x0 C:/SysGCC/m68k-elf/m68k-elf/lib/m68000\liblvgl.a(lv_async.o)
 .text          0x000051b4        0x0 C:/SysGCC/m68k-elf/m68k-elf/lib/m68000\liblvgl.a(lv_color.o)
 .text          0x000051b4        0x0 C:/SysGCC/m68k-elf/m68k-elf/lib/m68000\liblvgl.a(lv_color_op.o)
 .text          0x000051b4        0x0 C:/SysGCC/m68k-elf/m68k-elf/lib/m68000\liblvgl.a(lv_event.o)
 .text          0x000051b4        0x0 C:/SysGCC/m68k-elf/m68k-elf/lib/m68000\liblvgl.a(lv_iter.o)
 .text          0x000051b4        0x0 C:/SysGCC/m68k-elf/m68k-elf/lib/m68000\liblvgl.a(lv_palette.o)
 .text          0x000051b4        0x0 C:/SysGCC/m68k-elf/m68k-elf/lib/m68000\liblvgl.a(lv_style.o)
 .text          0x000051b4        0x0 C:/SysGCC/m68k-elf/m68k-elf/lib/m68000\liblvgl.a(lv_style_gen.o)
 .text          0x000051b4        0x0 C:/SysGCC/m68k-elf/m68k-elf/lib/m68000\liblvgl.a(lv_text.o)
 .text          0x000051b4        0x0 C:/SysGCC/m68k-elf/m68k-elf/lib/m68000\liblvgl.a(lv_theme.o)
 .text          0x000051b4        0x0 C:/SysGCC/m68k-elf/m68k-elf/lib/m68000\liblvgl.a(lv_image.o)
 .text          0x000051b4        0x0 C:/SysGCC/m68k-elf/m68k-elf/lib/m68000\liblvgl.a(lv_draw_buf_convert.o)
 .text          0x000051b4        0x0 C:/SysGCC/m68k-elf/m68k-elf/lib/m68000\liblvgl.a(lv_draw_sw_blend.o)
 .text          0x000051b4        0x0 C:/SysGCC/m68k-elf/m68k-elf/lib/m68000\liblvgl.a(lv_draw_sw_blend_to_a8.o)
 .text          0x000051b4        0x0 C:/SysGCC/m68k-elf/m68k-elf/lib/m68000\liblvgl.a(lv_draw_sw_blend_to_al88.o)
 .text          0x000051b4        0x0 C:/SysGCC/m68k-elf/m68k-elf/lib/m68000\liblvgl.a(lv_draw_sw_blend_to_argb8888.o)
 .text          0x000051b4        0x0 C:/SysGCC/m68k-elf/m68k-elf/lib/m68000\liblvgl.a(lv_draw_sw_blend_to_argb8888_premultiplied.o)
 .text          0x000051b4        0x0 C:/SysGCC/m68k-elf/m68k-elf/lib/m68000\liblvgl.a(lv_draw_sw_blend_to_i1.o)
 .text          0x000051b4        0x0 C:/SysGCC/m68k-elf/m68k-elf/lib/m68000\liblvgl.a(lv_draw_sw_blend_to_l8.o)
 .text          0x000051b4        0x0 C:/SysGCC/m68k-elf/m68k-elf/lib/m68000\liblvgl.a(lv_draw_sw_blend_to_rgb565.o)
 .text          0x000051b4        0x0 C:/SysGCC/m68k-elf/m68k-elf/lib/m68000\liblvgl.a(lv_draw_sw_blend_to_rgb565_swapped.o)
 .text          0x000051b4        0x0 C:/SysGCC/m68k-elf/m68k-elf/lib/m68000\liblvgl.a(lv_draw_sw_blend_to_rgb888.o)
 .text          0x000051b4        0x0 C:/SysGCC/m68k-elf/m68k-elf/lib/m68000\liblvgl.a(lv_draw_sw_utils.o)
 .text          0x000051b4        0x0 C:/SysGCC/m68k-elf/m68k-elf/lib/m68000\liblvgl.a(lv_font_fmt_txt.o)
 .text          0x000051b4        0x0 C:/SysGCC/m68k-elf/m68k-elf/lib/m68000\liblvgl.a(lv_grid.o)
 .text          0x000051b4        0x0 C:/SysGCC/m68k-elf/m68k-elf/lib/m68000\liblvgl.a(lv_cache_lru_rb.o)
 .text          0x000051b4        0x0 C:/SysGCC/m68k-elf/m68k-elf/lib/m68000\liblvgl.a(lv_array.o)
 .text          0x000051b4        0x0 C:/SysGCC/m68k-elf/m68k-elf/lib/m68000\liblvgl.a(lv_circle_buf.o)
 .text          0x000051b4        0x0 C:/SysGCC/m68k-elf/m68k-elf/lib/m68000\liblvgl.a(lv_rb.o)
 .text          0x000051b4        0x0 C:/SysGCC/m68k-elf/m68k-elf/lib/m68000\liblvgl.a(lv_utils.o)
 .text          0x000051b4       0x22 c:/sysgcc/m68k-elf/bin/../lib/gcc/m68k-elf/4.8.0/m68000\libgcc.a(_mulsi3.o)
                0x000051b4                __mulsi3
 *fill*         0x000051d6        0x2 
 .text          0x000051d8       0x5c c:/sysgcc/m68k-elf/bin/../lib/gcc/m68k-elf/4.8.0/m68000\libgcc.a(_udivsi3.o)
                0x000051d8                __udivsi3
 .text          0x00005234       0x2e c:/sysgcc/m68k-elf/bin/../lib/gcc/m68k-elf/4.8.0/m68000\libgcc.a(_divsi3.o)
                0x00005234                __divsi3
 *fill*         0x00005262        0x2 
 .text          0x00005264       0x2e c:/sysgcc/m68k-elf/bin/../lib/gcc/m68k-elf/4.8.0/m68000\libgcc.a(_umodsi3.o)
                0x00005264                __umodsi3
 *fill*         0x00005292        0x2 
 .text          0x00005294       0x2e c:/sysgcc/m68k-elf/bin/../lib/gcc/m68k-elf/4.8.0/m68000\libgcc.a(_modsi3.o)
                0x00005294                __modsi3
 *fill*         0x000052c2        0x2 
 .text          0x000052c4       0x74 c:/sysgcc/m68k-elf/bin/../lib/gcc/m68k-elf/4.8.0/m68000\libgcc.a(_muldi3.o)
                0x000052c4                __muldi3
 .text          0x00005338       0x8e c:/sysgcc/m68k-elf/bin/../lib/gcc/m68k-elf/4.8.0/m68000\libgcc.a(_ffssi2.o)
                0x00005338                __ffssi2
 *fill*         0x000053c6        0x2 
 .text          0x000053c8        0x0 c:/sysgcc/m68k-elf/bin/../lib/gcc/m68k-elf/4.8.0/m68000\libgcc.a(_clz.o)
 .text          0x000053c8       0x9a c:/sysgcc/m68k-elf/bin/../lib/gcc/m68k-elf/4.8.0/m68000\libgcc.a(_clzsi2.o)
                0x000053c8                __clzsi2
 *fill*         0x00005462        0x2 
 .text          0x00005464      0x5b0 c:/sysgcc/m68k-elf/bin/../lib/gcc/m68k-elf/4.8.0/m68000\libgcc.a(_divdi3.o)
                0x00005464                __divdi3
 .text          0x00005a14      0x5ea c:/sysgcc/m68k-elf/bin/../lib/gcc/m68k-elf/4.8.0/m68000\libgcc.a(_udivdi3.o)
                0x00005a14                __udivdi3
 *fill*         0x00005ffe        0x2 
 .text          0x00006000      0x532 c:/sysgcc/m68k-elf/bin/../lib/gcc/m68k-elf/4.8.0/m68000\libgcc.a(_umoddi3.o)
                0x00006000                __umoddi3
 *fill*         0x00006532        0x2 
 .text          0x00006534        0x0 C:/SysGCC/m68k-elf/m68k-elf/lib/m68000\libc.a(lib_a-environ.o)
 .text          0x00006534      0x338 C:/SysGCC/m68k-elf/m68k-elf/lib/m68000\libc.a(lib_a-findfp.o)
                0x00006548                _cleanup_r
                0x00006562                __sfmoreglue
                0x000065be                _cleanup
                0x000065da                __sinit
                0x00006736                __sfp
                0x00006818                __sfp_lock_acquire
                0x00006820                __sfp_lock_release
                0x00006828                __sinit_lock_acquire
                0x00006830                __sinit_lock_release
                0x00006838                __fp_lock_all
                0x00006852                __fp_unlock_all
 .text          0x0000686c       0xc4 C:/SysGCC/m68k-elf/m68k-elf/lib/m68000\libc.a(lib_a-fwalk.o)
                0x0000686c                _fwalk
                0x000068cc                _fwalk_reent
 .text          0x00006930       0x38 C:/SysGCC/m68k-elf/m68k-elf/lib/m68000\libc.a(lib_a-getenv.o)
                0x00006930                _findenv
                0x0000694c                getenv
 .text          0x00006968       0xc0 C:/SysGCC/m68k-elf/m68k-elf/lib/m68000\libc.a(lib_a-getenv_r.o)
                0x00006968                _findenv_r
                0x00006a10                _getenv_r
 .text          0x00006a28        0x0 C:/SysGCC/m68k-elf/m68k-elf/lib/m68000\libc.a(lib_a-impure.o)
 .text          0x00006a28      0x77a C:/SysGCC/m68k-elf/m68k-elf/lib/m68000\libc.a(lib_a-mallocr.o)
                0x00006a28                _malloc_r
 *fill*         0x000071a2        0x2 
 .text          0x000071a4       0x6e C:/SysGCC/m68k-elf/m68k-elf/lib/m68000\libc.a(lib_a-memcpy.o)
                0x000071a4                memcpy
 *fill*         0x00007212        0x2 
 .text          0x00007214       0x72 C:/SysGCC/m68k-elf/m68k-elf/lib/m68000\libc.a(lib_a-memset.o)
                0x00007214                memset
 *fill*         0x00007286        0x2 
 .text          0x00007288       0x10 C:/SysGCC/m68k-elf/m68k-elf/lib/m68000\libc.a(lib_a-mlock.o)
                0x00007288                __malloc_lock
                0x00007290                __malloc_unlock
 .text          0x00007298       0x42 C:/SysGCC/m68k-elf/m68k-elf/lib/m68000\libc.a(lib_a-printf.o)
                0x00007298                _printf_r
                0x000072b8                printf
 *fill*         0x000072da        0x2 
 .text          0x000072dc       0xa0 C:/SysGCC/m68k-elf/m68k-elf/lib/m68000\libc.a(lib_a-puts.o)
                0x000072dc                _puts_r
                0x00007366                puts
 .text          0x0000737c       0x32 C:/SysGCC/m68k-elf/m68k-elf/lib/m68000\libc.a(lib_a-sbrkr.o)
                0x0000737c                _sbrk_r
 *fill*         0x000073ae        0x2 
 .text          0x000073b0      0x144 C:/SysGCC/m68k-elf/m68k-elf/lib/m68000\libc.a(lib_a-stdio.o)
                0x000073b0                __sread
                0x000073f4                __seofread
                0x000073fe                __swrite
                0x00007490                __sseek
                0x000074dc                __sclose
 .text          0x000074f4       0x1a C:/SysGCC/m68k-elf/m68k-elf/lib/m68000\libc.a(lib_a-strlen.o)
                0x000074f4                strlen
 *fill*         0x0000750e        0x2 
 .text          0x00007510       0xe8 C:/SysGCC/m68k-elf/m68k-elf/lib/m68000\libc.a(lib_a-strncmp.o)
                0x00007510                strncmp
 .text          0x000075f8     0x1ca2 C:/SysGCC/m68k-elf/m68k-elf/lib/m68000\libc.a(lib_a-vfprintf.o)
                0x000075f8                _vfprintf_r
                0x000091de                vfprintf
 *fill*         0x0000929a        0x2 
 .text          0x0000929c       0x3c C:/SysGCC/m68k-elf/m68k-elf/lib/m68000\libc.a(lib_a-writer.o)
                0x0000929c                _write_r
 .text          0x000092d8      0x14e C:/SysGCC/m68k-elf/m68k-elf/lib/m68000\libc.a(lib_a-wsetup.o)
                0x000092d8                __swsetup_r
 *fill*         0x00009426        0x2 
 .text          0x00009428       0x32 C:/SysGCC/m68k-elf/m68k-elf/lib/m68000\libc.a(lib_a-closer.o)
                0x00009428                _close_r
 *fill*         0x0000945a        0x2 
 .text          0x0000945c     0x1774 C:/SysGCC/m68k-elf/m68k-elf/lib/m68000\libc.a(lib_a-dtoa.o)
                0x0000960c                _dtoa_r
 .text          0x0000abd0       0x10 C:/SysGCC/m68k-elf/m68k-elf/lib/m68000\libc.a(lib_a-envlock.o)
                0x0000abd0                __env_lock
                0x0000abd8                __env_unlock
 .text          0x0000abe0       0xf8 C:/SysGCC/m68k-elf/m68k-elf/lib/m68000\libc.a(lib_a-fclose.o)
                0x0000abe0                _fclose_r
                0x0000acc2                fclose
 .text          0x0000acd8      0x238 C:/SysGCC/m68k-elf/m68k-elf/lib/m68000\libc.a(lib_a-fflush.o)
                0x0000acd8                __sflush_r
                0x0000ae88                _fflush_r
                0x0000aede                fflush
 .text          0x0000af10      0x3ea C:/SysGCC/m68k-elf/m68k-elf/lib/m68000\libc.a(lib_a-freer.o)
                0x0000af10                _malloc_trim_r
                0x0000affc                _free_r
 *fill*         0x0000b2fa        0x2 
 .text          0x0000b2fc      0x3e6 C:/SysGCC/m68k-elf/m68k-elf/lib/m68000\libc.a(lib_a-fvwrite.o)
                0x0000b2fc                __sfvwrite_r
 *fill*         0x0000b6e2        0x2 
 .text          0x0000b6e4       0xd8 C:/SysGCC/m68k-elf/m68k-elf/lib/m68000\libc.a(lib_a-locale.o)
                0x0000b6e4                _setlocale_r
                0x0000b752                __locale_charset
                0x0000b760                __locale_mb_cur_max
                0x0000b76e                __locale_msgcharset
                0x0000b77c                __locale_cjk_lang
                0x0000b786                _localeconv_r
                0x0000b794                setlocale
                0x0000b7ae                localeconv
 .text          0x0000b7bc       0x3c C:/SysGCC/m68k-elf/m68k-elf/lib/m68000\libc.a(lib_a-lseekr.o)
                0x0000b7bc                _lseek_r
 .text          0x0000b7f8      0x132 C:/SysGCC/m68k-elf/m68k-elf/lib/m68000\libc.a(lib_a-makebuf.o)
                0x0000b7f8                __smakebuf_r
 *fill*         0x0000b92a        0x2 
 .text          0x0000b92c       0xc2 C:/SysGCC/m68k-elf/m68k-elf/lib/m68000\libc.a(lib_a-memchr.o)
                0x0000b92c                memchr
 *fill*         0x0000b9ee        0x2 
 .text          0x0000b9f0       0xf2 C:/SysGCC/m68k-elf/m68k-elf/lib/m68000\libc.a(lib_a-memmove.o)
                0x0000b9f0                memmove
 *fill*         0x0000bae2        0x2 
 .text          0x0000bae4      0xd34 C:/SysGCC/m68k-elf/m68k-elf/lib/m68000\libc.a(lib_a-mprec.o)
                0x0000bae4                _Balloc
                0x0000bb80                _Bfree
                0x0000bbaa                __multadd
                0x0000bc90                __s2b
                0x0000bd52                __hi0bits
                0x0000bdb6                __lo0bits
                0x0000be3a                __i2b
                0x0000be5c                __multiply
                0x0000c02e                __pow5mult
                0x0000c112                __lshift
                0x0000c1d6                __mcmp
                0x0000c226                __mdiff
                0x0000c3ca                __ulp
                0x0000c426                __b2d
                0x0000c524                __d2b
                0x0000c63e                __ratio
                0x0000c6d2                _mprec_log10
                0x0000c73c                __copybits
                0x0000c798                __any_on
 .text          0x0000c818       0x3c C:/SysGCC/m68k-elf/m68k-elf/lib/m68000\libc.a(lib_a-readr.o)
                0x0000c818                _read_r
 .text          0x0000c854      0x65c C:/SysGCC/m68k-elf/m68k-elf/lib/m68000\libc.a(lib_a-reallocr.o)
                0x0000c854                _realloc_r
 .text          0x0000ceb0       0x62 C:/SysGCC/m68k-elf/m68k-elf/lib/m68000\libc.a(lib_a-s_fpclassify.o)
                0x0000ceb0                __fpclassifyd
 *fill*         0x0000cf12        0x2 
 .text          0x0000cf14       0x98 C:/SysGCC/m68k-elf/m68k-elf/lib/m68000\libc.a(lib_a-strcmp.o)
                0x0000cf14                strcmp
 .text          0x0000cfac      0xfb2 C:/SysGCC/m68k-elf/m68k-elf/lib/m68000\libc.a(lib_a-vfiprintf.o)
                0x0000d05c                __sprint_r
                0x0000d07a                _vfiprintf_r
                0x0000dea2                vfiprintf
 *fill*         0x0000df5e        0x2 
 .text          0x0000df60       0xd6 C:/SysGCC/m68k-elf/m68k-elf/lib/m68000\libc.a(lib_a-callocr.o)
                0x0000df60                _calloc_r
 *fill*         0x0000e036        0x2 
 .text          0x0000e038      0x17c C:/SysGCC/m68k-elf/m68k-elf/lib/m68000\libc.a(lib_a-fputwc.o)
                0x0000e038                _fputwc_r
                0x0000e156                fputwc
 .text          0x0000e1b4       0x36 C:/SysGCC/m68k-elf/m68k-elf/lib/m68000\libc.a(lib_a-fstatr.o)
                0x0000e1b4                _fstat_r
 *fill*         0x0000e1ea        0x2 
 .text          0x0000e1ec       0x32 C:/SysGCC/m68k-elf/m68k-elf/lib/m68000\libc.a(lib_a-isattyr.o)
                0x0000e1ec                _isatty_r
 *fill*         0x0000e21e        0x2 
 .text          0x0000e220      0x148 C:/SysGCC/m68k-elf/m68k-elf/lib/m68000\libc.a(lib_a-wbuf.o)
                0x0000e220                __swbuf_r
                0x0000e34e                __swbuf
 .text          0x0000e368       0xfa C:/SysGCC/m68k-elf/m68k-elf/lib/m68000\libc.a(lib_a-wcrtomb.o)
                0x0000e368                _wcrtomb_r
                0x0000e3e0                wcrtomb
 *fill*         0x0000e462        0x2 
 .text          0x0000e464       0x66 C:/SysGCC/m68k-elf/m68k-elf/lib/m68000\libc.a(lib_a-wctomb_r.o)
                0x0000e464                __ascii_wctomb
                0x0000e49c                _wctomb_r
 *fill*         0x0000e4ca        0x2 
 .text          0x0000e4cc      0x9cc c:/sysgcc/m68k-elf/bin/../lib/gcc/m68k-elf/4.8.0/m68000\libgcc.a(_double.o)
                0x0000e526                __subdf3
                0x0000e52c                __adddf3
                0x0000e8c2                __muldf3
                0x0000ea70                __divdf3
                0x0000ece4                __negdf2
                0x0000ed42                __cmpdf2_internal
                0x0000ee12                __cmpdf2
 .text          0x0000ee98       0x6a c:/sysgcc/m68k-elf/bin/../lib/gcc/m68k-elf/4.8.0/m68000\libgcc.a(_floatex.o)
                0x0000ee98                __clear_sticky_bit
                0x0000eea6                $_exception_handler
 *fill*         0x0000ef02        0x2 
 .text          0x0000ef04       0x22 c:/sysgcc/m68k-elf/bin/../lib/gcc/m68k-elf/4.8.0/m68000\libgcc.a(_eqdf2.o)
                0x0000ef04                __eqdf2
 *fill*         0x0000ef26        0x2 
 .text          0x0000ef28       0x22 c:/sysgcc/m68k-elf/bin/../lib/gcc/m68k-elf/4.8.0/m68000\libgcc.a(_nedf2.o)
                0x0000ef28                __nedf2
 *fill*         0x0000ef4a        0x2 
 .text          0x0000ef4c       0x22 c:/sysgcc/m68k-elf/bin/../lib/gcc/m68k-elf/4.8.0/m68000\libgcc.a(_gtdf2.o)
                0x0000ef4c                __gtdf2
 *fill*         0x0000ef6e        0x2 
 .text          0x0000ef70       0x22 c:/sysgcc/m68k-elf/bin/../lib/gcc/m68k-elf/4.8.0/m68000\libgcc.a(_gedf2.o)
                0x0000ef70                __gedf2
 *fill*         0x0000ef92        0x2 
 .text          0x0000ef94       0x22 c:/sysgcc/m68k-elf/bin/../lib/gcc/m68k-elf/4.8.0/m68000\libgcc.a(_ltdf2.o)
                0x0000ef94                __ltdf2
 *fill*         0x0000efb6        0x2 
 .text          0x0000efb8      0x44c c:/sysgcc/m68k-elf/bin/../lib/gcc/m68k-elf/4.8.0/m68000\libgcc.a(fpgnulib.o)
                0x0000efb8                __unordsf2
                0x0000f00e                __unorddf2
                0x0000f084                __floatunsidf
                0x0000f0f0                __floatsidf
                0x0000f198                __floatunsisf
                0x0000f1b2                __floatsisf
                0x0000f1cc                __extendsfdf2
                0x0000f24a                __truncdfsf2
                0x0000f354                __fixdfsi
                0x0000f3ea                __fixsfsi
 .text          0x0000f404      0x7be c:/sysgcc/m68k-elf/bin/../lib/gcc/m68k-elf/4.8.0/m68000\libgcc.a(xfgnulib.o)
                0x0000f404                __unordxf2
                0x0000f488                __extenddfxf2
                0x0000f542                __truncxfdf2
                0x0000f628                __extendsfxf2
                0x0000f66c                __truncxfsf2
                0x0000f694                __floatsixf
                0x0000f6da                __floatunsixf
                0x0000f720                __fixxfsi
                0x0000f748                __addxf3
                0x0000f7be                __subxf3
                0x0000f834                __mulxf3
                0x0000f8aa                __divxf3
                0x0000f920                __negxf2
                0x0000f976                __cmpxf2
                0x0000f9ca                __eqxf2
                0x0000fa1e                __nexf2
                0x0000fa72                __ltxf2
                0x0000fac6                __lexf2
                0x0000fb1a                __gtxf2
                0x0000fb6e                __gexf2
 *fill*         0x0000fbc2        0x2 
 .text          0x0000fbc4      0x6aa C:/SysGCC/m68k-elf/m68k-elf/lib/m68000\libnkc.a(newlib_stubs.o)
                0x0000fbc4                _ctlcon
                0x0000fbc8                _initcon
                0x0000fbcc                _putcon
                0x0000fbe4                _opencon
                0x0000fbe8                _closecon
                0x0000fbec                _ctlser
                0x0000fe32                _initser
                0x0000fe74                _putser
                0x0000fe8e                _openser
                0x0000fe92                _closeser
                0x0000fea6                _getcon
                0x0000ffd0                _getser
                0x0001005e                _getserint
                0x000100b2                _init_dev
                0x000100be                _test_port
                0x000100c2                _init_port
                0x000100d6                _open
                0x000100dc                _gettime
                0x00010172                time
                0x00010188                _execve
                0x00010194                _fork
                0x000101a0                getpid
                0x000101a4                kill
                0x000101b0                _link
                0x000101bc                sbrk
                0x000101ee                get_heap_ptr
                0x000101fe                _times
                0x00010206                _unlink
                0x00010212                _wait
                0x0001021e                _clock
 *fill*         0x0001026e        0x2 
 .text          0x00010270      0x180 C:/SysGCC/m68k-elf/m68k-elf/lib/m68000\libnkc.a(open.o)
                0x00010270                open
 .text          0x000103f0       0x7a C:/SysGCC/m68k-elf/m68k-elf/lib/m68000\libnkc.a(close.o)
                0x000103f0                close
 *fill*         0x0001046a        0x2 
 .text          0x0001046c       0x44 C:/SysGCC/m68k-elf/m68k-elf/lib/m68000\libnkc.a(isatty.o)
                0x0001046c                isatty
 .text          0x000104b0        0x4 C:/SysGCC/m68k-elf/m68k-elf/lib/m68000\libnkc.a(lseek.o)
                0x000104b0                lseek
 .text          0x000104b4      0x29c C:/SysGCC/m68k-elf/m68k-elf/lib/m68000\libnkc.a(read.o)
                0x000104b4                read
 .text          0x00010750       0x46 C:/SysGCC/m68k-elf/m68k-elf/lib/m68000\libnkc.a(stat.o)
                0x00010750                stat
                0x00010790                fstat
 *fill*         0x00010796        0x2 
 .text          0x00010798       0xb8 C:/SysGCC/m68k-elf/m68k-elf/lib/m68000\libnkc.a(write.o)
                0x00010798                write
 .text          0x00010850        0x0 C:/SysGCC/m68k-elf/m68k-elf/lib/m68000\libc.a(lib_a-ctype_.o)
 .text          0x00010850        0xe C:/SysGCC/m68k-elf/m68k-elf/lib/m68000\libc.a(lib_a-errno.o)
                0x00010850                __errno
 *fill*         0x0001085e        0x2 
 .text          0x00010860      0x686 C:/SysGCC/m68k-elf/m68k-elf/lib/m68000\libc.a(lib_a-mktime.o)
                0x00010b12                mktime
 *fill*         0x00010ee6        0x2 
 .text          0x00010ee8      0x696 C:/SysGCC/m68k-elf/m68k-elf/lib/m68000\libc.a(lib_a-mktm_r.o)
                0x00010ee8                __tzcalc_limits
                0x000110ec                _mktm_r
 *fill*         0x0001157e        0x2 
 .text          0x00011580      0x266 C:/SysGCC/m68k-elf/m68k-elf/lib/m68000\libc.a(lib_a-signal.o)
                0x00011580                _init_signal_r
                0x000115d0                _signal_r
                0x00011648                _raise_r
                0x000116f4                __sigtramp_r
                0x0001178e                raise
                0x000117a4                signal
                0x000117be                _init_signal
                0x000117d0                __sigtramp
 *fill*         0x000117e6        0x2 
 .text          0x000117e8       0x42 C:/SysGCC/m68k-elf/m68k-elf/lib/m68000\libc.a(lib_a-signalr.o)
                0x000117e8                _kill_r
                0x0001181e                _getpid_r
 *fill*         0x0001182a        0x2 
 .text          0x0001182c       0x10 C:/SysGCC/m68k-elf/m68k-elf/lib/m68000\libc.a(lib_a-tzlock.o)
                0x0001182c                __tz_lock
                0x00011834                __tz_unlock
 .text          0x0001183c        0x0 C:/SysGCC/m68k-elf/m68k-elf/lib/m68000\libc.a(lib_a-tzvars.o)
 .text          0x0001183c       0x64 C:/SysGCC/m68k-elf/m68k-elf/lib/m68000\libc.a(lib_a-div.o)
                0x0001183c                div
 .text          0x000118a0        0xe C:/SysGCC/m68k-elf/m68k-elf/lib/m68000\libc.a(lib_a-gettzinfo.o)
                0x000118a0                __gettzinfo
                0x000118b0                . = ALIGN (0x4)
 *fill*         0x000118ae        0x2 
                0x000118b0                __CTOR_LIST__ = .
                0x000118b0                ___CTOR_LIST__ = .
                0x000118b0        0x4 LONG 0x0 (((__CTOR_END__ - __CTOR_LIST__) / 0x4) - 0x2)
 *(.ctors)
 *(.ctors)
                0x000118b4        0x4 LONG 0x0
                0x000118b8                __CTOR_END__ = .
                0x000118b8                __DTOR_LIST__ = .
                0x000118b8                ___DTOR_LIST__ = .
                0x000118b8        0x4 LONG 0x0 (((__DTOR_END__ - __DTOR_LIST__) / 0x4) - 0x2)
 *(.dtors)
 *(.dtors)
                0x000118bc        0x4 LONG 0x0
                0x000118c0                __DTOR_END__ = .
                0x000118c0                . = ALIGN (0x4)
                0x000118c0                __INIT_SECTION__ = .
                0x000118c0        0x4 LONG 0x4e560000
 *(.init)
 *(.init)
                0x000118c4        0x2 SHORT 0x4e5e
                0x000118c6        0x2 SHORT 0x4e75
                0x000118c8                __FINI_SECTION__ = .
                0x000118c8        0x4 LONG 0x4e560000
 *(.fini)
 *(.fini)
                0x000118cc        0x2 SHORT 0x4e5e
                0x000118ce        0x2 SHORT 0x4e75
 *(.lit)
 *(.lit)
                0x000118d0                _etext = .
                0x000118d0                PROVIDE (etext, .)

.text._exit     0x000118d0       0x3a
 .text._exit    0x000118d0       0x3a obj/crt0.o
                0x000118d0                _exit

.text.hardware_init
                0x0001190a       0x1a
 .text.hardware_init
                0x0001190a       0x1a ./obj/lvgl_nkc.o
                0x0001190a                hardware_init

.text.startup.main
                0x00011924       0x8a
 .text.startup.main
                0x00011924       0x8a ./obj/lvgl_nkc.o
                0x00011924                main

.text.lv_tick_inc
                0x000119ae       0x18
 .text.lv_tick_inc
                0x000119ae       0x18 C:/SysGCC/m68k-elf/m68k-elf/lib/m68000\liblvgl.a(lv_tick.o)
                0x000119ae                lv_tick_inc

.text.lv_tick_get
                0x000119c6       0x26
 .text.lv_tick_get
                0x000119c6       0x26 C:/SysGCC/m68k-elf/m68k-elf/lib/m68000\liblvgl.a(lv_tick.o)
                0x000119c6                lv_tick_get

.text.lv_tick_elaps
                0x000119ec        0xc
 .text.lv_tick_elaps
                0x000119ec        0xc C:/SysGCC/m68k-elf/m68k-elf/lib/m68000\liblvgl.a(lv_tick.o)
                0x000119ec                lv_tick_elaps

.text.lv_tick_diff
                0x000119f8        0xa
 .text.lv_tick_diff
                0x000119f8        0xa C:/SysGCC/m68k-elf/m68k-elf/lib/m68000\liblvgl.a(lv_tick.o)
                0x000119f8                lv_tick_diff

.text.lv_delay_ms
                0x00011a02       0x62
 .text.lv_delay_ms
                0x00011a02       0x62 C:/SysGCC/m68k-elf/m68k-elf/lib/m68000\liblvgl.a(lv_tick.o)
                0x00011a02                lv_delay_ms

.text.lv_tick_set_cb
                0x00011a64        0xa
 .text.lv_tick_set_cb
                0x00011a64        0xa C:/SysGCC/m68k-elf/m68k-elf/lib/m68000\liblvgl.a(lv_tick.o)
                0x00011a64                lv_tick_set_cb

.text.lv_tick_get_cb
                0x00011a6e        0x8
 .text.lv_tick_get_cb
                0x00011a6e        0x8 C:/SysGCC/m68k-elf/m68k-elf/lib/m68000\liblvgl.a(lv_tick.o)
                0x00011a6e                lv_tick_get_cb

.text.lv_delay_set_cb
                0x00011a76        0xa
 .text.lv_delay_set_cb
                0x00011a76        0xa C:/SysGCC/m68k-elf/m68k-elf/lib/m68000\liblvgl.a(lv_tick.o)
                0x00011a76                lv_delay_set_cb

.text.lv_is_initialized
                0x00011a80        0x8
 .text.lv_is_initialized
                0x00011a80        0x8 C:/SysGCC/m68k-elf/m68k-elf/lib/m68000\liblvgl.a(lv_init.o)
                0x00011a80                lv_is_initialized

.text.lv_init   0x00011a88       0xe0
 .text.lv_init  0x00011a88       0xe0 C:/SysGCC/m68k-elf/m68k-elf/lib/m68000\liblvgl.a(lv_init.o)
                0x00011a88                lv_init

.text.lv_deinit
                0x00011b68       0xaa
 .text.lv_deinit
                0x00011b68       0xaa C:/SysGCC/m68k-elf/m68k-elf/lib/m68000\liblvgl.a(lv_init.o)
                0x00011b68                lv_deinit

.text.remove_anim
                0x00011c12       0x32
 .text.remove_anim
                0x00011c12       0x32 C:/SysGCC/m68k-elf/m68k-elf/lib/m68000\liblvgl.a(lv_anim.o)

.text.lv_anim_path_linear
                0x00011c44       0x42
 .text.lv_anim_path_linear
                0x00011c44       0x42 C:/SysGCC/m68k-elf/m68k-elf/lib/m68000\liblvgl.a(lv_anim.o)
                0x00011c44                lv_anim_path_linear

.text.lv_anim_path_cubic_bezier
                0x00011c86       0x5a
 .text.lv_anim_path_cubic_bezier
                0x00011c86       0x5a C:/SysGCC/m68k-elf/m68k-elf/lib/m68000\liblvgl.a(lv_anim.o)

.text.anim_mark_list_change
                0x00011ce0       0x84
 .text.anim_mark_list_change
                0x00011ce0       0x84 C:/SysGCC/m68k-elf/m68k-elf/lib/m68000\liblvgl.a(lv_anim.o)

.text.remove_concurrent_anims
                0x00011d64       0xc0
 .text.remove_concurrent_anims
                0x00011d64       0xc0 C:/SysGCC/m68k-elf/m68k-elf/lib/m68000\liblvgl.a(lv_anim.o)

.text.lv_anim_core_init
                0x00011e24       0x40
 .text.lv_anim_core_init
                0x00011e24       0x40 C:/SysGCC/m68k-elf/m68k-elf/lib/m68000\liblvgl.a(lv_anim.o)
                0x00011e24                lv_anim_core_init

.text.lv_anim_enable_vsync_mode
                0x00011e64       0x6c
 .text.lv_anim_enable_vsync_mode
                0x00011e64       0x6c C:/SysGCC/m68k-elf/m68k-elf/lib/m68000\liblvgl.a(lv_anim.o)
                0x00011e64                lv_anim_enable_vsync_mode

.text.lv_anim_init
                0x00011ed0       0x44
 .text.lv_anim_init
                0x00011ed0       0x44 C:/SysGCC/m68k-elf/m68k-elf/lib/m68000\liblvgl.a(lv_anim.o)
                0x00011ed0                lv_anim_init

.text.lv_anim_get_playtime
                0x00011f14       0x38
 .text.lv_anim_get_playtime
                0x00011f14       0x38 C:/SysGCC/m68k-elf/m68k-elf/lib/m68000\liblvgl.a(lv_anim.o)
                0x00011f14                lv_anim_get_playtime

.text.lv_anim_delete
                0x00011f4c       0x74
 .text.lv_anim_delete
                0x00011f4c       0x74 C:/SysGCC/m68k-elf/m68k-elf/lib/m68000\liblvgl.a(lv_anim.o)
                0x00011f4c                lv_anim_delete

.text.lv_anim_delete_all
                0x00011fc0       0x1a
 .text.lv_anim_delete_all
                0x00011fc0       0x1a C:/SysGCC/m68k-elf/m68k-elf/lib/m68000\liblvgl.a(lv_anim.o)
                0x00011fc0                lv_anim_delete_all

.text.lv_anim_core_deinit
                0x00011fda        0x6
 .text.lv_anim_core_deinit
                0x00011fda        0x6 C:/SysGCC/m68k-elf/m68k-elf/lib/m68000\liblvgl.a(lv_anim.o)
                0x00011fda                lv_anim_core_deinit

.text.lv_anim_get
                0x00011fe0       0x48
 .text.lv_anim_get
                0x00011fe0       0x48 C:/SysGCC/m68k-elf/m68k-elf/lib/m68000\liblvgl.a(lv_anim.o)
                0x00011fe0                lv_anim_get

.text.lv_anim_get_timer
                0x00012028        0x8
 .text.lv_anim_get_timer
                0x00012028        0x8 C:/SysGCC/m68k-elf/m68k-elf/lib/m68000\liblvgl.a(lv_anim.o)
                0x00012028                lv_anim_get_timer

.text.lv_anim_count_running
                0x00012030       0x36
 .text.lv_anim_count_running
                0x00012030       0x36 C:/SysGCC/m68k-elf/m68k-elf/lib/m68000\liblvgl.a(lv_anim.o)
                0x00012030                lv_anim_count_running

.text.lv_anim_speed_clamped
                0x00012066       0x80
 .text.lv_anim_speed_clamped
                0x00012066       0x80 C:/SysGCC/m68k-elf/m68k-elf/lib/m68000\liblvgl.a(lv_anim.o)
                0x00012066                lv_anim_speed_clamped

.text.lv_anim_speed
                0x000120e6       0x16
 .text.lv_anim_speed
                0x000120e6       0x16 C:/SysGCC/m68k-elf/m68k-elf/lib/m68000\liblvgl.a(lv_anim.o)
                0x000120e6                lv_anim_speed

.text.lv_anim_speed_to_time
                0x000120fc       0x38
 .text.lv_anim_speed_to_time
                0x000120fc       0x38 C:/SysGCC/m68k-elf/m68k-elf/lib/m68000\liblvgl.a(lv_anim.o)
                0x000120fc                lv_anim_speed_to_time

.text.lv_anim_path_ease_in
                0x00012134       0x1e
 .text.lv_anim_path_ease_in
                0x00012134       0x1e C:/SysGCC/m68k-elf/m68k-elf/lib/m68000\liblvgl.a(lv_anim.o)
                0x00012134                lv_anim_path_ease_in

.text.lv_anim_path_ease_out
                0x00012152       0x1c
 .text.lv_anim_path_ease_out
                0x00012152       0x1c C:/SysGCC/m68k-elf/m68k-elf/lib/m68000\liblvgl.a(lv_anim.o)
                0x00012152                lv_anim_path_ease_out

.text.lv_anim_path_ease_in_out
                0x0001216e       0x1e
 .text.lv_anim_path_ease_in_out
                0x0001216e       0x1e C:/SysGCC/m68k-elf/m68k-elf/lib/m68000\liblvgl.a(lv_anim.o)
                0x0001216e                lv_anim_path_ease_in_out

.text.lv_anim_path_overshoot
                0x0001218c       0x1e
 .text.lv_anim_path_overshoot
                0x0001218c       0x1e C:/SysGCC/m68k-elf/m68k-elf/lib/m68000\liblvgl.a(lv_anim.o)
                0x0001218c                lv_anim_path_overshoot

.text.lv_anim_path_bounce
                0x000121aa      0x15e
 .text.lv_anim_path_bounce
                0x000121aa      0x15e C:/SysGCC/m68k-elf/m68k-elf/lib/m68000\liblvgl.a(lv_anim.o)
                0x000121aa                lv_anim_path_bounce

.text.lv_anim_path_step
                0x00012308       0x1a
 .text.lv_anim_path_step
                0x00012308       0x1a C:/SysGCC/m68k-elf/m68k-elf/lib/m68000\liblvgl.a(lv_anim.o)
                0x00012308                lv_anim_path_step

.text.lv_anim_path_custom_bezier3
                0x00012322       0x2a
 .text.lv_anim_path_custom_bezier3
                0x00012322       0x2a C:/SysGCC/m68k-elf/m68k-elf/lib/m68000\liblvgl.a(lv_anim.o)
                0x00012322                lv_anim_path_custom_bezier3

.text.lv_anim_set_var
                0x0001234c        0xa
 .text.lv_anim_set_var
                0x0001234c        0xa C:/SysGCC/m68k-elf/m68k-elf/lib/m68000\liblvgl.a(lv_anim.o)
                0x0001234c                lv_anim_set_var

.text.lv_anim_set_exec_cb
                0x00012356        0xc
 .text.lv_anim_set_exec_cb
                0x00012356        0xc C:/SysGCC/m68k-elf/m68k-elf/lib/m68000\liblvgl.a(lv_anim.o)
                0x00012356                lv_anim_set_exec_cb

.text.lv_anim_set_duration
                0x00012362        0xc
 .text.lv_anim_set_duration
                0x00012362        0xc C:/SysGCC/m68k-elf/m68k-elf/lib/m68000\liblvgl.a(lv_anim.o)
                0x00012362                lv_anim_set_duration

.text.lv_anim_set_delay
                0x0001236e       0x10
 .text.lv_anim_set_delay
                0x0001236e       0x10 C:/SysGCC/m68k-elf/m68k-elf/lib/m68000\liblvgl.a(lv_anim.o)
                0x0001236e                lv_anim_set_delay

.text.lv_anim_set_values
                0x0001237e       0x1a
 .text.lv_anim_set_values
                0x0001237e       0x1a C:/SysGCC/m68k-elf/m68k-elf/lib/m68000\liblvgl.a(lv_anim.o)
                0x0001237e                lv_anim_set_values

.text.lv_anim_set_custom_exec_cb
                0x00012398        0xc
 .text.lv_anim_set_custom_exec_cb
                0x00012398        0xc C:/SysGCC/m68k-elf/m68k-elf/lib/m68000\liblvgl.a(lv_anim.o)
                0x00012398                lv_anim_set_custom_exec_cb

.text.lv_anim_set_path_cb
                0x000123a4        0xc
 .text.lv_anim_set_path_cb
                0x000123a4        0xc C:/SysGCC/m68k-elf/m68k-elf/lib/m68000\liblvgl.a(lv_anim.o)
                0x000123a4                lv_anim_set_path_cb

.text.lv_anim_set_start_cb
                0x000123b0        0xc
 .text.lv_anim_set_start_cb
                0x000123b0        0xc C:/SysGCC/m68k-elf/m68k-elf/lib/m68000\liblvgl.a(lv_anim.o)
                0x000123b0                lv_anim_set_start_cb

.text.lv_anim_set_get_value_cb
                0x000123bc        0xc
 .text.lv_anim_set_get_value_cb
                0x000123bc        0xc C:/SysGCC/m68k-elf/m68k-elf/lib/m68000\liblvgl.a(lv_anim.o)
                0x000123bc                lv_anim_set_get_value_cb

.text.lv_anim_set_completed_cb
                0x000123c8        0xc
 .text.lv_anim_set_completed_cb
                0x000123c8        0xc C:/SysGCC/m68k-elf/m68k-elf/lib/m68000\liblvgl.a(lv_anim.o)
                0x000123c8                lv_anim_set_completed_cb

.text.lv_anim_set_deleted_cb
                0x000123d4        0xc
 .text.lv_anim_set_deleted_cb
                0x000123d4        0xc C:/SysGCC/m68k-elf/m68k-elf/lib/m68000\liblvgl.a(lv_anim.o)
                0x000123d4                lv_anim_set_deleted_cb

.text.lv_anim_set_reverse_duration
                0x000123e0        0xc
 .text.lv_anim_set_reverse_duration
                0x000123e0        0xc C:/SysGCC/m68k-elf/m68k-elf/lib/m68000\liblvgl.a(lv_anim.o)
                0x000123e0                lv_anim_set_reverse_duration

.text.lv_anim_set_reverse_time
                0x000123ec        0xc
 .text.lv_anim_set_reverse_time
                0x000123ec        0xc C:/SysGCC/m68k-elf/m68k-elf/lib/m68000\liblvgl.a(lv_anim.o)
                0x000123ec                lv_anim_set_reverse_time

.text.lv_anim_set_reverse_delay
                0x000123f8        0xc
 .text.lv_anim_set_reverse_delay
                0x000123f8        0xc C:/SysGCC/m68k-elf/m68k-elf/lib/m68000\liblvgl.a(lv_anim.o)
                0x000123f8                lv_anim_set_reverse_delay

.text.lv_anim_set_repeat_count
                0x00012404        0xc
 .text.lv_anim_set_repeat_count
                0x00012404        0xc C:/SysGCC/m68k-elf/m68k-elf/lib/m68000\liblvgl.a(lv_anim.o)
                0x00012404                lv_anim_set_repeat_count

.text.lv_anim_set_repeat_delay
                0x00012410        0xc
 .text.lv_anim_set_repeat_delay
                0x00012410        0xc C:/SysGCC/m68k-elf/m68k-elf/lib/m68000\liblvgl.a(lv_anim.o)
                0x00012410                lv_anim_set_repeat_delay

.text.lv_anim_set_early_apply
                0x0001241c       0x1e
 .text.lv_anim_set_early_apply
                0x0001241c       0x1e C:/SysGCC/m68k-elf/m68k-elf/lib/m68000\liblvgl.a(lv_anim.o)
                0x0001241c                lv_anim_set_early_apply

.text.lv_anim_set_user_data
                0x0001243a        0xc
 .text.lv_anim_set_user_data
                0x0001243a        0xc C:/SysGCC/m68k-elf/m68k-elf/lib/m68000\liblvgl.a(lv_anim.o)
                0x0001243a                lv_anim_set_user_data

.text.lv_anim_set_bezier3_param
                0x00012446       0x1e
 .text.lv_anim_set_bezier3_param
                0x00012446       0x1e C:/SysGCC/m68k-elf/m68k-elf/lib/m68000\liblvgl.a(lv_anim.o)
                0x00012446                lv_anim_set_bezier3_param

.text.lv_anim_get_delay
                0x00012464        0xc
 .text.lv_anim_get_delay
                0x00012464        0xc C:/SysGCC/m68k-elf/m68k-elf/lib/m68000\liblvgl.a(lv_anim.o)
                0x00012464                lv_anim_get_delay

.text.lv_anim_get_time
                0x00012470        0xa
 .text.lv_anim_get_time
                0x00012470        0xa C:/SysGCC/m68k-elf/m68k-elf/lib/m68000\liblvgl.a(lv_anim.o)
                0x00012470                lv_anim_get_time

.text.lv_anim_get_repeat_count
                0x0001247a        0xa
 .text.lv_anim_get_repeat_count
                0x0001247a        0xa C:/SysGCC/m68k-elf/m68k-elf/lib/m68000\liblvgl.a(lv_anim.o)
                0x0001247a                lv_anim_get_repeat_count

.text.lv_anim_get_user_data
                0x00012484        0xa
 .text.lv_anim_get_user_data
                0x00012484        0xa C:/SysGCC/m68k-elf/m68k-elf/lib/m68000\liblvgl.a(lv_anim.o)
                0x00012484                lv_anim_get_user_data

.text.lv_anim_custom_delete
                0x0001248e       0x22
 .text.lv_anim_custom_delete
                0x0001248e       0x22 C:/SysGCC/m68k-elf/m68k-elf/lib/m68000\liblvgl.a(lv_anim.o)
                0x0001248e                lv_anim_custom_delete

.text.lv_anim_custom_get
                0x000124b0       0x22
 .text.lv_anim_custom_get
                0x000124b0       0x22 C:/SysGCC/m68k-elf/m68k-elf/lib/m68000\liblvgl.a(lv_anim.o)
                0x000124b0                lv_anim_custom_get

.text.lv_anim_resolve_speed
                0x000124d2       0x78
 .text.lv_anim_resolve_speed
                0x000124d2       0x78 C:/SysGCC/m68k-elf/m68k-elf/lib/m68000\liblvgl.a(lv_anim.o)
                0x000124d2                lv_anim_resolve_speed

.text.resolve_time
                0x0001254a       0x64
 .text.resolve_time
                0x0001254a       0x64 C:/SysGCC/m68k-elf/m68k-elf/lib/m68000\liblvgl.a(lv_anim.o)

.text.anim_timer
                0x000125ae      0x2b8
 .text.anim_timer
                0x000125ae      0x2b8 C:/SysGCC/m68k-elf/m68k-elf/lib/m68000\liblvgl.a(lv_anim.o)

.text.anim_vsync_event
                0x00012866        0xa
 .text.anim_vsync_event
                0x00012866        0xa C:/SysGCC/m68k-elf/m68k-elf/lib/m68000\liblvgl.a(lv_anim.o)

.text.lv_anim_refr_now
                0x00012870        0xc
 .text.lv_anim_refr_now
                0x00012870        0xc C:/SysGCC/m68k-elf/m68k-elf/lib/m68000\liblvgl.a(lv_anim.o)
                0x00012870                lv_anim_refr_now

.text.lv_anim_start
                0x0001287c       0xee
 .text.lv_anim_start
                0x0001287c       0xee C:/SysGCC/m68k-elf/m68k-elf/lib/m68000\liblvgl.a(lv_anim.o)
                0x0001287c                lv_anim_start

.text.lv_anim_is_paused
                0x0001296a        0xc
 .text.lv_anim_is_paused
                0x0001296a        0xc C:/SysGCC/m68k-elf/m68k-elf/lib/m68000\liblvgl.a(lv_anim.o)
                0x0001296a                lv_anim_is_paused

.text.lv_anim_pause
                0x00012976       0x20
 .text.lv_anim_pause
                0x00012976       0x20 C:/SysGCC/m68k-elf/m68k-elf/lib/m68000\liblvgl.a(lv_anim.o)
                0x00012976                lv_anim_pause

.text.lv_anim_pause_for
                0x00012996       0x20
 .text.lv_anim_pause_for
                0x00012996       0x20 C:/SysGCC/m68k-elf/m68k-elf/lib/m68000\liblvgl.a(lv_anim.o)
                0x00012996                lv_anim_pause_for

.text.lv_anim_resume
                0x000129b6       0x24
 .text.lv_anim_resume
                0x000129b6       0x24 C:/SysGCC/m68k-elf/m68k-elf/lib/m68000\liblvgl.a(lv_anim.o)
                0x000129b6                lv_anim_resume

.text.lv_fs_init
                0x000129da       0x14
 .text.lv_fs_init
                0x000129da       0x14 C:/SysGCC/m68k-elf/m68k-elf/lib/m68000\liblvgl.a(lv_fs.o)
                0x000129da                lv_fs_init

.text.lv_fs_deinit
                0x000129ee       0x10
 .text.lv_fs_deinit
                0x000129ee       0x10 C:/SysGCC/m68k-elf/m68k-elf/lib/m68000\liblvgl.a(lv_fs.o)
                0x000129ee                lv_fs_deinit

.text.lv_fs_make_path_from_buffer
                0x000129fe       0x62
 .text.lv_fs_make_path_from_buffer
                0x000129fe       0x62 C:/SysGCC/m68k-elf/m68k-elf/lib/m68000\liblvgl.a(lv_fs.o)
                0x000129fe                lv_fs_make_path_from_buffer

.text.lv_fs_get_buffer_from_path
                0x00012a60       0x9c
 .text.lv_fs_get_buffer_from_path
                0x00012a60       0x9c C:/SysGCC/m68k-elf/m68k-elf/lib/m68000\liblvgl.a(lv_fs.o)
                0x00012a60                lv_fs_get_buffer_from_path

.text.lv_fs_close
                0x00012afc       0x74
 .text.lv_fs_close
                0x00012afc       0x74 C:/SysGCC/m68k-elf/m68k-elf/lib/m68000\liblvgl.a(lv_fs.o)
                0x00012afc                lv_fs_close

.text.lv_fs_read
                0x00012b70      0x23e
 .text.lv_fs_read
                0x00012b70      0x23e C:/SysGCC/m68k-elf/m68k-elf/lib/m68000\liblvgl.a(lv_fs.o)
                0x00012b70                lv_fs_read

.text.lv_fs_write
                0x00012dae      0x14c
 .text.lv_fs_write
                0x00012dae      0x14c C:/SysGCC/m68k-elf/m68k-elf/lib/m68000\liblvgl.a(lv_fs.o)
                0x00012dae                lv_fs_write

.text.lv_fs_seek
                0x00012efa       0xc6
 .text.lv_fs_seek
                0x00012efa       0xc6 C:/SysGCC/m68k-elf/m68k-elf/lib/m68000\liblvgl.a(lv_fs.o)
                0x00012efa                lv_fs_seek

.text.lv_fs_tell
                0x00012fc0       0x50
 .text.lv_fs_tell
                0x00012fc0       0x50 C:/SysGCC/m68k-elf/m68k-elf/lib/m68000\liblvgl.a(lv_fs.o)
                0x00012fc0                lv_fs_tell

.text.lv_fs_get_size
                0x00013010       0x72
 .text.lv_fs_get_size
                0x00013010       0x72 C:/SysGCC/m68k-elf/m68k-elf/lib/m68000\liblvgl.a(lv_fs.o)
                0x00013010                lv_fs_get_size

.text.lv_fs_dir_read
                0x00013082       0x48
 .text.lv_fs_dir_read
                0x00013082       0x48 C:/SysGCC/m68k-elf/m68k-elf/lib/m68000\liblvgl.a(lv_fs.o)
                0x00013082                lv_fs_dir_read

.text.lv_fs_dir_close
                0x000130ca       0x38
 .text.lv_fs_dir_close
                0x000130ca       0x38 C:/SysGCC/m68k-elf/m68k-elf/lib/m68000\liblvgl.a(lv_fs.o)
                0x000130ca                lv_fs_dir_close

.text.lv_fs_drv_init
                0x00013102       0x16
 .text.lv_fs_drv_init
                0x00013102       0x16 C:/SysGCC/m68k-elf/m68k-elf/lib/m68000\liblvgl.a(lv_fs.o)
                0x00013102                lv_fs_drv_init

.text.lv_fs_drv_register
                0x00013118       0x1a
 .text.lv_fs_drv_register
                0x00013118       0x1a C:/SysGCC/m68k-elf/m68k-elf/lib/m68000\liblvgl.a(lv_fs.o)
                0x00013118                lv_fs_drv_register

.text.lv_fs_remove_drive
                0x00013132       0x70
 .text.lv_fs_remove_drive
                0x00013132       0x70 C:/SysGCC/m68k-elf/m68k-elf/lib/m68000\liblvgl.a(lv_fs.o)
                0x00013132                lv_fs_remove_drive

.text.lv_fs_get_drv
                0x000131a2       0x40
 .text.lv_fs_get_drv
                0x000131a2       0x40 C:/SysGCC/m68k-elf/m68k-elf/lib/m68000\liblvgl.a(lv_fs.o)
                0x000131a2                lv_fs_get_drv

.text.lv_fs_is_ready
                0x000131e2       0x30
 .text.lv_fs_is_ready
                0x000131e2       0x30 C:/SysGCC/m68k-elf/m68k-elf/lib/m68000\liblvgl.a(lv_fs.o)
                0x000131e2                lv_fs_is_ready

.text.lv_fs_open
                0x00013212       0xf8
 .text.lv_fs_open
                0x00013212       0xf8 C:/SysGCC/m68k-elf/m68k-elf/lib/m68000\liblvgl.a(lv_fs.o)
                0x00013212                lv_fs_open

.text.lv_fs_path_get_size
                0x0001330a       0x64
 .text.lv_fs_path_get_size
                0x0001330a       0x64 C:/SysGCC/m68k-elf/m68k-elf/lib/m68000\liblvgl.a(lv_fs.o)
                0x0001330a                lv_fs_path_get_size

.text.lv_fs_load_to_buf
                0x0001336e       0x66
 .text.lv_fs_load_to_buf
                0x0001336e       0x66 C:/SysGCC/m68k-elf/m68k-elf/lib/m68000\liblvgl.a(lv_fs.o)
                0x0001336e                lv_fs_load_to_buf

.text.lv_fs_load_with_alloc
                0x000133d4       0x8c
 .text.lv_fs_load_with_alloc
                0x000133d4       0x8c C:/SysGCC/m68k-elf/m68k-elf/lib/m68000\liblvgl.a(lv_fs.o)
                0x000133d4                lv_fs_load_with_alloc

.text.lv_fs_dir_open
                0x00013460       0x8c
 .text.lv_fs_dir_open
                0x00013460       0x8c C:/SysGCC/m68k-elf/m68k-elf/lib/m68000\liblvgl.a(lv_fs.o)
                0x00013460                lv_fs_dir_open

.text.lv_fs_get_letters
                0x000134ec       0x4a
 .text.lv_fs_get_letters
                0x000134ec       0x4a C:/SysGCC/m68k-elf/m68k-elf/lib/m68000\liblvgl.a(lv_fs.o)
                0x000134ec                lv_fs_get_letters

.text.lv_fs_get_ext
                0x00013536       0x40
 .text.lv_fs_get_ext
                0x00013536       0x40 C:/SysGCC/m68k-elf/m68k-elf/lib/m68000\liblvgl.a(lv_fs.o)
                0x00013536                lv_fs_get_ext

.text.lv_fs_up  0x00013576       0x58
 .text.lv_fs_up
                0x00013576       0x58 C:/SysGCC/m68k-elf/m68k-elf/lib/m68000\liblvgl.a(lv_fs.o)
                0x00013576                lv_fs_up

.text.lv_fs_get_last
                0x000135ce       0x56
 .text.lv_fs_get_last
                0x000135ce       0x56 C:/SysGCC/m68k-elf/m68k-elf/lib/m68000\liblvgl.a(lv_fs.o)
                0x000135ce                lv_fs_get_last

.text.lv_fs_path_join
                0x00013624       0xc6
 .text.lv_fs_path_join
                0x00013624       0xc6 C:/SysGCC/m68k-elf/m68k-elf/lib/m68000\liblvgl.a(lv_fs.o)
                0x00013624                lv_fs_path_join

.text.node_set_prev.isra.0
                0x000136ea       0x18
 .text.node_set_prev.isra.0
                0x000136ea       0x18 C:/SysGCC/m68k-elf/m68k-elf/lib/m68000\liblvgl.a(lv_ll.o)

.text.node_set_next.isra.1
                0x00013702       0x18
 .text.node_set_next.isra.1
                0x00013702       0x18 C:/SysGCC/m68k-elf/m68k-elf/lib/m68000\liblvgl.a(lv_ll.o)

.text.lv_ll_init
                0x0001371a       0x1a
 .text.lv_ll_init
                0x0001371a       0x1a C:/SysGCC/m68k-elf/m68k-elf/lib/m68000\liblvgl.a(lv_ll.o)
                0x0001371a                lv_ll_init

.text.lv_ll_ins_head
                0x00013734       0x62
 .text.lv_ll_ins_head
                0x00013734       0x62 C:/SysGCC/m68k-elf/m68k-elf/lib/m68000\liblvgl.a(lv_ll.o)
                0x00013734                lv_ll_ins_head

.text.lv_ll_ins_prev
                0x00013796       0x80
 .text.lv_ll_ins_prev
                0x00013796       0x80 C:/SysGCC/m68k-elf/m68k-elf/lib/m68000\liblvgl.a(lv_ll.o)
                0x00013796                lv_ll_ins_prev

.text.lv_ll_ins_tail
                0x00013816       0x62
 .text.lv_ll_ins_tail
                0x00013816       0x62 C:/SysGCC/m68k-elf/m68k-elf/lib/m68000\liblvgl.a(lv_ll.o)
                0x00013816                lv_ll_ins_tail

.text.lv_ll_remove
                0x00013878       0x8e
 .text.lv_ll_remove
                0x00013878       0x8e C:/SysGCC/m68k-elf/m68k-elf/lib/m68000\liblvgl.a(lv_ll.o)
                0x00013878                lv_ll_remove

.text.lv_ll_clear_custom
                0x00013906       0x5a
 .text.lv_ll_clear_custom
                0x00013906       0x5a C:/SysGCC/m68k-elf/m68k-elf/lib/m68000\liblvgl.a(lv_ll.o)
                0x00013906                lv_ll_clear_custom

.text.lv_ll_chg_list
                0x00013960       0xa2
 .text.lv_ll_chg_list
                0x00013960       0xa2 C:/SysGCC/m68k-elf/m68k-elf/lib/m68000\liblvgl.a(lv_ll.o)
                0x00013960                lv_ll_chg_list

.text.lv_ll_get_head
                0x00013a02       0x14
 .text.lv_ll_get_head
                0x00013a02       0x14 C:/SysGCC/m68k-elf/m68k-elf/lib/m68000\liblvgl.a(lv_ll.o)
                0x00013a02                lv_ll_get_head

.text.lv_ll_get_tail
                0x00013a16       0x14
 .text.lv_ll_get_tail
                0x00013a16       0x14 C:/SysGCC/m68k-elf/m68k-elf/lib/m68000\liblvgl.a(lv_ll.o)
                0x00013a16                lv_ll_get_tail

.text.lv_ll_get_next
                0x00013a2a       0x10
 .text.lv_ll_get_next
                0x00013a2a       0x10 C:/SysGCC/m68k-elf/m68k-elf/lib/m68000\liblvgl.a(lv_ll.o)
                0x00013a2a                lv_ll_get_next

.text.lv_ll_get_prev
                0x00013a3a       0x10
 .text.lv_ll_get_prev
                0x00013a3a       0x10 C:/SysGCC/m68k-elf/m68k-elf/lib/m68000\liblvgl.a(lv_ll.o)
                0x00013a3a                lv_ll_get_prev

.text.lv_ll_get_len
                0x00013a4a       0x28
 .text.lv_ll_get_len
                0x00013a4a       0x28 C:/SysGCC/m68k-elf/m68k-elf/lib/m68000\liblvgl.a(lv_ll.o)
                0x00013a4a                lv_ll_get_len

.text.lv_ll_move_before
                0x00013a72       0x8a
 .text.lv_ll_move_before
                0x00013a72       0x8a C:/SysGCC/m68k-elf/m68k-elf/lib/m68000\liblvgl.a(lv_ll.o)
                0x00013a72                lv_ll_move_before

.text.lv_ll_is_empty
                0x00013afc       0x1e
 .text.lv_ll_is_empty
                0x00013afc       0x1e C:/SysGCC/m68k-elf/m68k-elf/lib/m68000\liblvgl.a(lv_ll.o)
                0x00013afc                lv_ll_is_empty

.text.lv_ll_clear
                0x00013b1a       0x10
 .text.lv_ll_clear
                0x00013b1a       0x10 C:/SysGCC/m68k-elf/m68k-elf/lib/m68000\liblvgl.a(lv_ll.o)
                0x00013b1a                lv_ll_clear

.text.lv_trigo_sin
                0x00013b2a       0xaa
 .text.lv_trigo_sin
                0x00013b2a       0xaa C:/SysGCC/m68k-elf/m68k-elf/lib/m68000\liblvgl.a(lv_math.o)
                0x00013b2a                lv_trigo_sin

.text.lv_cubic_bezier
                0x00013bd4      0x1f2
 .text.lv_cubic_bezier
                0x00013bd4      0x1f2 C:/SysGCC/m68k-elf/m68k-elf/lib/m68000\liblvgl.a(lv_math.o)
                0x00013bd4                lv_cubic_bezier

.text.lv_sqrt   0x00013dc6       0x46
 .text.lv_sqrt  0x00013dc6       0x46 C:/SysGCC/m68k-elf/m68k-elf/lib/m68000\liblvgl.a(lv_math.o)
                0x00013dc6                lv_sqrt

.text.lv_sqrt32
                0x00013e0c      0x1ca
 .text.lv_sqrt32
                0x00013e0c      0x1ca C:/SysGCC/m68k-elf/m68k-elf/lib/m68000\liblvgl.a(lv_math.o)
                0x00013e0c                lv_sqrt32

.text.lv_atan2  0x00013fd6       0xee
 .text.lv_atan2
                0x00013fd6       0xee C:/SysGCC/m68k-elf/m68k-elf/lib/m68000\liblvgl.a(lv_math.o)
                0x00013fd6                lv_atan2

.text.lv_pow    0x000140c4       0xa0
 .text.lv_pow   0x000140c4       0xa0 C:/SysGCC/m68k-elf/m68k-elf/lib/m68000\liblvgl.a(lv_math.o)
                0x000140c4                lv_pow

.text.lv_map    0x00014164       0x5e
 .text.lv_map   0x00014164       0x5e C:/SysGCC/m68k-elf/m68k-elf/lib/m68000\liblvgl.a(lv_math.o)
                0x00014164                lv_map

.text.lv_rand_set_seed
                0x000141c2        0xa
 .text.lv_rand_set_seed
                0x000141c2        0xa C:/SysGCC/m68k-elf/m68k-elf/lib/m68000\liblvgl.a(lv_math.o)
                0x000141c2                lv_rand_set_seed

.text.lv_rand   0x000141cc       0x46
 .text.lv_rand  0x000141cc       0x46 C:/SysGCC/m68k-elf/m68k-elf/lib/m68000\liblvgl.a(lv_math.o)
                0x000141cc                lv_rand

.text.lv_trigo_cos
                0x00014212       0x14
 .text.lv_trigo_cos
                0x00014212       0x14 C:/SysGCC/m68k-elf/m68k-elf/lib/m68000\liblvgl.a(lv_math.o)
                0x00014212                lv_trigo_cos

.text.lv_bezier3
                0x00014226       0x1c
 .text.lv_bezier3
                0x00014226       0x1c C:/SysGCC/m68k-elf/m68k-elf/lib/m68000\liblvgl.a(lv_math.o)
                0x00014226                lv_bezier3

.text.lv_timer_handler_resume
                0x00014242       0x20
 .text.lv_timer_handler_resume
                0x00014242       0x20 C:/SysGCC/m68k-elf/m68k-elf/lib/m68000\liblvgl.a(lv_timer.o)

.text.lv_timer_core_init
                0x00014262       0x20
 .text.lv_timer_core_init
                0x00014262       0x20 C:/SysGCC/m68k-elf/m68k-elf/lib/m68000\liblvgl.a(lv_timer.o)
                0x00014262                lv_timer_core_init

.text.lv_timer_create
                0x00014282       0x56
 .text.lv_timer_create
                0x00014282       0x56 C:/SysGCC/m68k-elf/m68k-elf/lib/m68000\liblvgl.a(lv_timer.o)
                0x00014282                lv_timer_create

.text.lv_timer_create_basic
                0x000142d8       0x14
 .text.lv_timer_create_basic
                0x000142d8       0x14 C:/SysGCC/m68k-elf/m68k-elf/lib/m68000\liblvgl.a(lv_timer.o)
                0x000142d8                lv_timer_create_basic

.text.lv_timer_set_cb
                0x000142ec        0xc
 .text.lv_timer_set_cb
                0x000142ec        0xc C:/SysGCC/m68k-elf/m68k-elf/lib/m68000\liblvgl.a(lv_timer.o)
                0x000142ec                lv_timer_set_cb

.text.lv_timer_delete
                0x000142f8       0x2a
 .text.lv_timer_delete
                0x000142f8       0x2a C:/SysGCC/m68k-elf/m68k-elf/lib/m68000\liblvgl.a(lv_timer.o)
                0x000142f8                lv_timer_delete

.text.lv_timer_handler
                0x00014322      0x208
 .text.lv_timer_handler
                0x00014322      0x208 C:/SysGCC/m68k-elf/m68k-elf/lib/m68000\liblvgl.a(lv_timer.o)
                0x00014322                lv_timer_handler

.text.lv_timer_periodic_handler
                0x0001452a       0x2c
 .text.lv_timer_periodic_handler
                0x0001452a       0x2c C:/SysGCC/m68k-elf/m68k-elf/lib/m68000\liblvgl.a(lv_timer.o)
                0x0001452a                lv_timer_periodic_handler

.text.lv_timer_pause
                0x00014556        0xc
 .text.lv_timer_pause
                0x00014556        0xc C:/SysGCC/m68k-elf/m68k-elf/lib/m68000\liblvgl.a(lv_timer.o)
                0x00014556                lv_timer_pause

.text.lv_timer_resume
                0x00014562       0x10
 .text.lv_timer_resume
                0x00014562       0x10 C:/SysGCC/m68k-elf/m68k-elf/lib/m68000\liblvgl.a(lv_timer.o)
                0x00014562                lv_timer_resume

.text.lv_timer_set_period
                0x00014572        0xe
 .text.lv_timer_set_period
                0x00014572        0xe C:/SysGCC/m68k-elf/m68k-elf/lib/m68000\liblvgl.a(lv_timer.o)
                0x00014572                lv_timer_set_period

.text.lv_timer_ready
                0x00014580       0x1e
 .text.lv_timer_ready
                0x00014580       0x1e C:/SysGCC/m68k-elf/m68k-elf/lib/m68000\liblvgl.a(lv_timer.o)
                0x00014580                lv_timer_ready

.text.lv_timer_set_repeat_count
                0x0001459e        0xc
 .text.lv_timer_set_repeat_count
                0x0001459e        0xc C:/SysGCC/m68k-elf/m68k-elf/lib/m68000\liblvgl.a(lv_timer.o)
                0x0001459e                lv_timer_set_repeat_count

.text.lv_timer_set_auto_delete
                0x000145aa       0x1a
 .text.lv_timer_set_auto_delete
                0x000145aa       0x1a C:/SysGCC/m68k-elf/m68k-elf/lib/m68000\liblvgl.a(lv_timer.o)
                0x000145aa                lv_timer_set_auto_delete

.text.lv_timer_set_user_data
                0x000145c4        0xc
 .text.lv_timer_set_user_data
                0x000145c4        0xc C:/SysGCC/m68k-elf/m68k-elf/lib/m68000\liblvgl.a(lv_timer.o)
                0x000145c4                lv_timer_set_user_data

.text.lv_timer_reset
                0x000145d0       0x18
 .text.lv_timer_reset
                0x000145d0       0x18 C:/SysGCC/m68k-elf/m68k-elf/lib/m68000\liblvgl.a(lv_timer.o)
                0x000145d0                lv_timer_reset

.text.lv_timer_enable
                0x000145e8       0x14
 .text.lv_timer_enable
                0x000145e8       0x14 C:/SysGCC/m68k-elf/m68k-elf/lib/m68000\liblvgl.a(lv_timer.o)
                0x000145e8                lv_timer_enable

.text.lv_timer_core_deinit
                0x000145fc       0x16
 .text.lv_timer_core_deinit
                0x000145fc       0x16 C:/SysGCC/m68k-elf/m68k-elf/lib/m68000\liblvgl.a(lv_timer.o)
                0x000145fc                lv_timer_core_deinit

.text.lv_timer_get_idle
                0x00014612        0xa
 .text.lv_timer_get_idle
                0x00014612        0xa C:/SysGCC/m68k-elf/m68k-elf/lib/m68000\liblvgl.a(lv_timer.o)
                0x00014612                lv_timer_get_idle

.text.lv_timer_get_time_until_next
                0x0001461c        0x8
 .text.lv_timer_get_time_until_next
                0x0001461c        0x8 C:/SysGCC/m68k-elf/m68k-elf/lib/m68000\liblvgl.a(lv_timer.o)